Archive member included to satisfy reference by file (symbol)

c:/st/stm32cubeide_1.10.1/stm32cubeide/plugins/com.st.stm32cube.ide.mcu.externaltools.gnu-tools-for-stm32.10.3-2021.10.win32_1.0.0.202111181127/tools/bin/../lib/gcc/arm-none-eabi/10.3.1/../../../../arm-none-eabi/lib/thumb/v7-m/nofp\libc_nano.a(lib_a-errno.o)
                              ./Core/Src/syscalls.o (__errno)
c:/st/stm32cubeide_1.10.1/stm32cubeide/plugins/com.st.stm32cube.ide.mcu.externaltools.gnu-tools-for-stm32.10.3-2021.10.win32_1.0.0.202111181127/tools/bin/../lib/gcc/arm-none-eabi/10.3.1/../../../../arm-none-eabi/lib/thumb/v7-m/nofp\libc_nano.a(lib_a-exit.o)
                              c:/st/stm32cubeide_1.10.1/stm32cubeide/plugins/com.st.stm32cube.ide.mcu.externaltools.gnu-tools-for-stm32.10.3-2021.10.win32_1.0.0.202111181127/tools/bin/../lib/gcc/arm-none-eabi/10.3.1/../../../../arm-none-eabi/lib/thumb/v7-m/nofp/crt0.o (exit)
c:/st/stm32cubeide_1.10.1/stm32cubeide/plugins/com.st.stm32cube.ide.mcu.externaltools.gnu-tools-for-stm32.10.3-2021.10.win32_1.0.0.202111181127/tools/bin/../lib/gcc/arm-none-eabi/10.3.1/../../../../arm-none-eabi/lib/thumb/v7-m/nofp\libc_nano.a(lib_a-impure.o)
                              c:/st/stm32cubeide_1.10.1/stm32cubeide/plugins/com.st.stm32cube.ide.mcu.externaltools.gnu-tools-for-stm32.10.3-2021.10.win32_1.0.0.202111181127/tools/bin/../lib/gcc/arm-none-eabi/10.3.1/../../../../arm-none-eabi/lib/thumb/v7-m/nofp\libc_nano.a(lib_a-exit.o) (_global_impure_ptr)
c:/st/stm32cubeide_1.10.1/stm32cubeide/plugins/com.st.stm32cube.ide.mcu.externaltools.gnu-tools-for-stm32.10.3-2021.10.win32_1.0.0.202111181127/tools/bin/../lib/gcc/arm-none-eabi/10.3.1/../../../../arm-none-eabi/lib/thumb/v7-m/nofp\libc_nano.a(lib_a-init.o)
                              c:/st/stm32cubeide_1.10.1/stm32cubeide/plugins/com.st.stm32cube.ide.mcu.externaltools.gnu-tools-for-stm32.10.3-2021.10.win32_1.0.0.202111181127/tools/bin/../lib/gcc/arm-none-eabi/10.3.1/../../../../arm-none-eabi/lib/thumb/v7-m/nofp/crt0.o (__libc_init_array)
c:/st/stm32cubeide_1.10.1/stm32cubeide/plugins/com.st.stm32cube.ide.mcu.externaltools.gnu-tools-for-stm32.10.3-2021.10.win32_1.0.0.202111181127/tools/bin/../lib/gcc/arm-none-eabi/10.3.1/../../../../arm-none-eabi/lib/thumb/v7-m/nofp\libc_nano.a(lib_a-memset.o)
                              c:/st/stm32cubeide_1.10.1/stm32cubeide/plugins/com.st.stm32cube.ide.mcu.externaltools.gnu-tools-for-stm32.10.3-2021.10.win32_1.0.0.202111181127/tools/bin/../lib/gcc/arm-none-eabi/10.3.1/../../../../arm-none-eabi/lib/thumb/v7-m/nofp/crt0.o (memset)
c:/st/stm32cubeide_1.10.1/stm32cubeide/plugins/com.st.stm32cube.ide.mcu.externaltools.gnu-tools-for-stm32.10.3-2021.10.win32_1.0.0.202111181127/tools/bin/../lib/gcc/arm-none-eabi/10.3.1/../../../../arm-none-eabi/lib/thumb/v7-m/nofp\libc_nano.a(lib_a-printf.o)
                              ./Core/Src/main.o (printf)
c:/st/stm32cubeide_1.10.1/stm32cubeide/plugins/com.st.stm32cube.ide.mcu.externaltools.gnu-tools-for-stm32.10.3-2021.10.win32_1.0.0.202111181127/tools/bin/../lib/gcc/arm-none-eabi/10.3.1/../../../../arm-none-eabi/lib/thumb/v7-m/nofp\libc_nano.a(lib_a-findfp.o)
                              c:/st/stm32cubeide_1.10.1/stm32cubeide/plugins/com.st.stm32cube.ide.mcu.externaltools.gnu-tools-for-stm32.10.3-2021.10.win32_1.0.0.202111181127/tools/bin/../lib/gcc/arm-none-eabi/10.3.1/../../../../arm-none-eabi/lib/thumb/v7-m/nofp\libc_nano.a(lib_a-printf.o) (__sinit)
c:/st/stm32cubeide_1.10.1/stm32cubeide/plugins/com.st.stm32cube.ide.mcu.externaltools.gnu-tools-for-stm32.10.3-2021.10.win32_1.0.0.202111181127/tools/bin/../lib/gcc/arm-none-eabi/10.3.1/../../../../arm-none-eabi/lib/thumb/v7-m/nofp\libc_nano.a(lib_a-fwalk.o)
                              c:/st/stm32cubeide_1.10.1/stm32cubeide/plugins/com.st.stm32cube.ide.mcu.externaltools.gnu-tools-for-stm32.10.3-2021.10.win32_1.0.0.202111181127/tools/bin/../lib/gcc/arm-none-eabi/10.3.1/../../../../arm-none-eabi/lib/thumb/v7-m/nofp\libc_nano.a(lib_a-findfp.o) (_fwalk)
c:/st/stm32cubeide_1.10.1/stm32cubeide/plugins/com.st.stm32cube.ide.mcu.externaltools.gnu-tools-for-stm32.10.3-2021.10.win32_1.0.0.202111181127/tools/bin/../lib/gcc/arm-none-eabi/10.3.1/../../../../arm-none-eabi/lib/thumb/v7-m/nofp\libc_nano.a(lib_a-lock.o)
                              c:/st/stm32cubeide_1.10.1/stm32cubeide/plugins/com.st.stm32cube.ide.mcu.externaltools.gnu-tools-for-stm32.10.3-2021.10.win32_1.0.0.202111181127/tools/bin/../lib/gcc/arm-none-eabi/10.3.1/../../../../arm-none-eabi/lib/thumb/v7-m/nofp\libc_nano.a(lib_a-findfp.o) (__retarget_lock_init_recursive)
c:/st/stm32cubeide_1.10.1/stm32cubeide/plugins/com.st.stm32cube.ide.mcu.externaltools.gnu-tools-for-stm32.10.3-2021.10.win32_1.0.0.202111181127/tools/bin/../lib/gcc/arm-none-eabi/10.3.1/../../../../arm-none-eabi/lib/thumb/v7-m/nofp\libc_nano.a(lib_a-nano-mallocr.o)
[...]
Memory Configuration

Name             Origin             Length             Attributes
RAM              0x0000000020000000 0x0000000000002800 xrw
FLASH            0x0000000008000000 0x0000000000008000 xr
*default*        0x0000000000000000 0xffffffffffffffff

Linker script and memory map

LOAD c:/st/stm32cubeide_1.10.1/stm32cubeide/plugins/com.st.stm32cube.ide.mcu.externaltools.gnu-tools-for-stm32.10.3-2021.10.win32_1.0.0.202111181127/tools/bin/../lib/gcc/arm-none-eabi/10.3.1/thumb/v7-m/nofp/crti.o
LOAD c:/st/stm32cubeide_1.10.1/stm32cubeide/plugins/com.st.stm32cube.ide.mcu.externaltools.gnu-tools-for-stm32.10.3-2021.10.win32_1.0.0.202111181127/tools/bin/../lib/gcc/arm-none-eabi/10.3.1/thumb/v7-m/nofp/crtbegin.o
LOAD c:/st/stm32cubeide_1.10.1/stm32cubeide/plugins/com.st.stm32cube.ide.mcu.externaltools.gnu-tools-for-stm32.10.3-2021.10.win32_1.0.0.202111181127/tools/bin/../lib/gcc/arm-none-eabi/10.3.1/../../../../arm-none-eabi/lib/thumb/v7-m/nofp/crt0.o
LOAD ./Core/Src/VL6180.o
LOAD ./Core/Src/bsp_i2c.o
LOAD ./Core/Src/main.o
LOAD ./Core/Src/stm32f1xx_hal_msp.o
LOAD ./Core/Src/stm32f1xx_it.o
LOAD ./Core/Src/syscalls.o
LOAD ./Core/Src/sysmem.o
LOAD ./Core/Src/system_stm32f1xx.o
LOAD ./Core/Src/vl6180x_api.o
LOAD ./Core/Src/vl6180x_i2c.o
LOAD ./Core/Startup/startup_stm32f103c6tx.o
LOAD ./Drivers/STM32F1xx_HAL_Driver/Src/stm32f1xx_hal.o
LOAD ./Drivers/STM32F1xx_HAL_Driver/Src/stm32f1xx_hal_cortex.o
LOAD ./Drivers/STM32F1xx_HAL_Driver/Src/stm32f1xx_hal_dma.o
LOAD ./Drivers/STM32F1xx_HAL_Driver/Src/stm32f1xx_hal_exti.o
LOAD ./Drivers/STM32F1xx_HAL_Driver/Src/stm32f1xx_hal_flash.o
LOAD ./Drivers/STM32F1xx_HAL_Driver/Src/stm32f1xx_hal_flash_ex.o
LOAD ./Drivers/STM32F1xx_HAL_Driver/Src/stm32f1xx_hal_gpio.o
LOAD ./Drivers/STM32F1xx_HAL_Driver/Src/stm32f1xx_hal_gpio_ex.o
LOAD ./Drivers/STM32F1xx_HAL_Driver/Src/stm32f1xx_hal_pwr.o
LOAD ./Drivers/STM32F1xx_HAL_Driver/Src/stm32f1xx_hal_rcc.o
LOAD ./Drivers/STM32F1xx_HAL_Driver/Src/stm32f1xx_hal_rcc_ex.o
LOAD ./Drivers/STM32F1xx_HAL_Driver/Src/stm32f1xx_hal_tim.o
LOAD ./Drivers/STM32F1xx_HAL_Driver/Src/stm32f1xx_hal_tim_ex.o
LOAD ./Drivers/STM32F1xx_HAL_Driver/Src/stm32f1xx_hal_uart.o
START GROUP
LOAD c:/st/stm32cubeide_1.10.1/stm32cubeide/plugins/com.st.stm32cube.ide.mcu.externaltools.gnu-tools-for-stm32.10.3-2021.10.win32_1.0.0.202111181127/tools/bin/../lib/gcc/arm-none-eabi/10.3.1/../../../../arm-none-eabi/lib/thumb/v7-m/nofp\libc_nano.a
LOAD c:/st/stm32cubeide_1.10.1/stm32cubeide/plugins/com.st.stm32cube.ide.mcu.externaltools.gnu-tools-for-stm32.10.3-2021.10.win32_1.0.0.202111181127/tools/bin/../lib/gcc/arm-none-eabi/10.3.1/../../../../arm-none-eabi/lib/thumb/v7-m/nofp\libm.a
END GROUP
START GROUP
LOAD c:/st/stm32cubeide_1.10.1/stm32cubeide/plugins/com.st.stm32cube.ide.mcu.externaltools.gnu-tools-for-stm32.10.3-2021.10.win32_1.0.0.202111181127/tools/bin/../lib/gcc/arm-none-eabi/10.3.1/thumb/v7-m/nofp\libgcc.a
LOAD c:/st/stm32cubeide_1.10.1/stm32cubeide/plugins/com.st.stm32cube.ide.mcu.externaltools.gnu-tools-for-stm32.10.3-2021.10.win32_1.0.0.202111181127/tools/bin/../lib/gcc/arm-none-eabi/10.3.1/../../../../arm-none-eabi/lib/thumb/v7-m/nofp\libc_nano.a
END GROUP
START GROUP
LOAD c:/st/stm32cubeide_1.10.1/stm32cubeide/plugins/com.st.stm32cube.ide.mcu.externaltools.gnu-tools-for-stm32.10.3-2021.10.win32_1.0.0.202111181127/tools/bin/../lib/gcc/arm-none-eabi/10.3.1/thumb/v7-m/nofp\libgcc.a
LOAD c:/st/stm32cubeide_1.10.1/stm32cubeide/plugins/com.st.stm32cube.ide.mcu.externaltools.gnu-tools-for-stm32.10.3-2021.10.win32_1.0.0.202111181127/tools/bin/../lib/gcc/arm-none-eabi/10.3.1/../../../../arm-none-eabi/lib/thumb/v7-m/nofp\libc_nano.a
LOAD c:/st/stm32cubeide_1.10.1/stm32cubeide/plugins/com.st.stm32cube.ide.mcu.externaltools.gnu-tools-for-stm32.10.3-2021.10.win32_1.0.0.202111181127/tools/bin/../lib/gcc/arm-none-eabi/10.3.1/../../../../arm-none-eabi/lib/thumb/v7-m/nofp\libnosys.a
END GROUP
START GROUP
LOAD c:/st/stm32cubeide_1.10.1/stm32cubeide/plugins/com.st.stm32cube.ide.mcu.externaltools.gnu-tools-for-stm32.10.3-2021.10.win32_1.0.0.202111181127/tools/bin/../lib/gcc/arm-none-eabi/10.3.1/thumb/v7-m/nofp\libgcc.a
LOAD c:/st/stm32cubeide_1.10.1/stm32cubeide/plugins/com.st.stm32cube.ide.mcu.externaltools.gnu-tools-for-stm32.10.3-2021.10.win32_1.0.0.202111181127/tools/bin/../lib/gcc/arm-none-eabi/10.3.1/../../../../arm-none-eabi/lib/thumb/v7-m/nofp\libc_nano.a
LOAD c:/st/stm32cubeide_1.10.1/stm32cubeide/plugins/com.st.stm32cube.ide.mcu.externaltools.gnu-tools-for-stm32.10.3-2021.10.win32_1.0.0.202111181127/tools/bin/../lib/gcc/arm-none-eabi/10.3.1/../../../../arm-none-eabi/lib/thumb/v7-m/nofp\libnosys.a
END GROUP
LOAD c:/st/stm32cubeide_1.10.1/stm32cubeide/plugins/com.st.stm32cube.ide.mcu.externaltools.gnu-tools-for-stm32.10.3-2021.10.win32_1.0.0.202111181127/tools/bin/../lib/gcc/arm-none-eabi/10.3.1/thumb/v7-m/nofp/crtend.o
LOAD c:/st/stm32cubeide_1.10.1/stm32cubeide/plugins/com.st.stm32cube.ide.mcu.externaltools.gnu-tools-for-stm32.10.3-2021.10.win32_1.0.0.202111181127/tools/bin/../lib/gcc/arm-none-eabi/10.3.1/thumb/v7-m/nofp/crtn.o
                0x0000000020002800                _estack = (ORIGIN (RAM) + LENGTH (RAM))
                0x0000000000000200                _Min_Heap_Size = 0x200
                0x0000000000000400                _Min_Stack_Size = 0x400

.isr_vector     0x0000000008000000      0x10c
                0x0000000008000000                . = ALIGN (0x4)
 *(.isr_vector)
 .isr_vector    0x0000000008000000      0x10c ./Core/Startup/startup_stm32f103c6tx.o
                0x0000000008000000                g_pfnVectors
                0x000000000800010c                . = ALIGN (0x4)

.text           0x000000000800010c     0x4e94
                0x000000000800010c                . = ALIGN (0x4)
 *(.text)
 .text          0x000000000800010c       0x40 c:/st/stm32cubeide_1.10.1/stm32cubeide/plugins/com.st.stm32cube.ide.mcu.externaltools.gnu-tools-for-stm32.10.3-2021.10.win32_1.0.0.202111181127/tools/bin/../lib/gcc/arm-none-eabi/10.3.1/thumb/v7-m/nofp/crtbegin.o
 *(.text*)
 .text.I2C_Delay
                0x000000000800014c       0x24 ./Core/Src/bsp_i2c.o
 .text.I2C_Start
                0x0000000008000170       0x40 ./Core/Src/bsp_i2c.o
                0x0000000008000170                I2C_Start
 .text.I2C_Stop
                0x00000000080001b0       0x30 ./Core/Src/bsp_i2c.o
                0x00000000080001b0                I2C_Stop
 .text.I2C_SendByte
                0x00000000080001e0       0x80 ./Core/Src/bsp_i2c.o
                0x00000000080001e0                I2C_SendByte
 .text.I2C_ReadByte
                0x0000000008000260       0x74 ./Core/Src/bsp_i2c.o
                0x0000000008000260                I2C_ReadByte
 .text.I2C_WaitAck
                0x00000000080002d4       0x58 ./Core/Src/bsp_i2c.o
                0x00000000080002d4                I2C_WaitAck
 .text.I2C_Ack  0x000000000800032c       0x40 ./Core/Src/bsp_i2c.o
                0x000000000800032c                I2C_Ack
 .text.I2C_NAck
                0x000000000800036c       0x38 ./Core/Src/bsp_i2c.o
                0x000000000800036c                I2C_NAck
 .text.__NVIC_SetPriority
                0x00000000080003a4       0x54 ./Core/Src/main.o
 .text.SysTick_Config
                0x00000000080003f8       0x44 ./Core/Src/main.o
 .text.__io_putchar
                0x000000000800043c       0x24 ./Core/Src/main.o
                0x000000000800043c                __io_putchar
 .text.__io_getchar
                0x0000000008000460       0x24 ./Core/Src/main.o
                0x0000000008000460                __io_getchar
 .text.VL6180x_I2CWrite
                0x0000000008000484       0x88 ./Core/Src/main.o
                0x0000000008000484                VL6180x_I2CWrite
 .text.VL6180x_I2CRead
                0x000000000800050c       0x7e ./Core/Src/main.o
                0x000000000800050c                VL6180x_I2CRead
 *fill*         0x000000000800058a        0x2 
 .text.main     0x000000000800058c      0x118 ./Core/Src/main.o
                0x000000000800058c                main
 .text.Sample_SimpleRanging
                0x00000000080006a4      0x12c ./Core/Src/main.o
                0x00000000080006a4                Sample_SimpleRanging
 .text.SystemClock_Config
                0x00000000080007d0       0x8a ./Core/Src/main.o
                0x00000000080007d0                SystemClock_Config
 *fill*         0x000000000800085a        0x2 
 .text.MX_USART1_UART_Init
                0x000000000800085c       0x54 ./Core/Src/main.o
 .text.MX_GPIO_Init
                0x00000000080008b0       0x94 ./Core/Src/main.o
 .text.Error_Handler
                0x0000000008000944        0xa ./Core/Src/main.o
                0x0000000008000944                Error_Handler
 *fill*         0x000000000800094e        0x2 
 .text.HAL_MspInit
                0x0000000008000950       0x64 ./Core/Src/stm32f1xx_hal_msp.o
                0x0000000008000950                HAL_MspInit
 .text.HAL_UART_MspInit
                0x00000000080009b4       0x98 ./Core/Src/stm32f1xx_hal_msp.o
                0x00000000080009b4                HAL_UART_MspInit
 .text.NMI_Handler
                0x0000000008000a4c        0x6 ./Core/Src/stm32f1xx_it.o
                0x0000000008000a4c                NMI_Handler
 .text.HardFault_Handler
                0x0000000008000a52        0x6 ./Core/Src/stm32f1xx_it.o
                0x0000000008000a52                HardFault_Handler
 .text.MemManage_Handler
                0x0000000008000a58        0x6 ./Core/Src/stm32f1xx_it.o
                0x0000000008000a58                MemManage_Handler
 .text.BusFault_Handler
                0x0000000008000a5e        0x6 ./Core/Src/stm32f1xx_it.o
                0x0000000008000a5e                BusFault_Handler
 .text.UsageFault_Handler
                0x0000000008000a64        0x6 ./Core/Src/stm32f1xx_it.o
                0x0000000008000a64                UsageFault_Handler
 .text.SVC_Handler
                0x0000000008000a6a        0xc ./Core/Src/stm32f1xx_it.o
                0x0000000008000a6a                SVC_Handler
 .text.DebugMon_Handler
                0x0000000008000a76        0xc ./Core/Src/stm32f1xx_it.o
                0x0000000008000a76                DebugMon_Handler
 .text.PendSV_Handler
                0x0000000008000a82        0xc ./Core/Src/stm32f1xx_it.o
                0x0000000008000a82                PendSV_Handler
 .text.SysTick_Handler
                0x0000000008000a8e        0xc ./Core/Src/stm32f1xx_it.o
                0x0000000008000a8e                SysTick_Handler
 .text._read    0x0000000008000a9a       0x3a ./Core/Src/syscalls.o
                0x0000000008000a9a                _read
 .text._write   0x0000000008000ad4       0x38 ./Core/Src/syscalls.o
                0x0000000008000ad4                _write
 .text._close   0x0000000008000b0c       0x16 ./Core/Src/syscalls.o
                0x0000000008000b0c                _close
 .text._fstat   0x0000000008000b22       0x1e ./Core/Src/syscalls.o
                0x0000000008000b22                _fstat
 .text._isatty  0x0000000008000b40       0x14 ./Core/Src/syscalls.o
                0x0000000008000b40                _isatty
 .text._lseek   0x0000000008000b54       0x18 ./Core/Src/syscalls.o
                0x0000000008000b54                _lseek
 .text._sbrk    0x0000000008000b6c       0x6c ./Core/Src/sysmem.o
                0x0000000008000b6c                _sbrk
 .text.SystemInit
                0x0000000008000bd8        0xc ./Core/Src/system_stm32f1xx.o
                0x0000000008000bd8                SystemInit
 .text.VL6180x_InitData
                0x0000000008000be4      0x114 ./Core/Src/vl6180x_api.o
                0x0000000008000be4                VL6180x_InitData
 .text.VL6180x_SetI2CAddress
                0x0000000008000cf8       0x2a ./Core/Src/vl6180x_api.o
                0x0000000008000cf8                VL6180x_SetI2CAddress
 .text.VL6180x_StaticInit
                0x0000000008000d22       0x84 ./Core/Src/vl6180x_api.o
                0x0000000008000d22                VL6180x_StaticInit
 .text.VL6180x_SetGroupParamHold
                0x0000000008000da6       0x32 ./Core/Src/vl6180x_api.o
                0x0000000008000da6                VL6180x_SetGroupParamHold
 .text.VL6180x_Prepare
                0x0000000008000dd8       0xc4 ./Core/Src/vl6180x_api.o
                0x0000000008000dd8                VL6180x_Prepare
 .text.VL6180x_AlsConfigInterrupt
                0x0000000008000e9c       0x36 ./Core/Src/vl6180x_api.o
                0x0000000008000e9c                VL6180x_AlsConfigInterrupt
 .text.VL6180x_AlsSetThresholds
                0x0000000008000ed2       0x3c ./Core/Src/vl6180x_api.o
                0x0000000008000ed2                VL6180x_AlsSetThresholds
 .text.VL6180x_AlsSetAnalogueGain
                0x0000000008000f0e       0x4c ./Core/Src/vl6180x_api.o
                0x0000000008000f0e                VL6180x_AlsSetAnalogueGain
 *fill*         0x0000000008000f5a        0x2 
 .text.VL6180x_AlsSetInterMeasurementPeriod
                0x0000000008000f5c       0x44 ./Core/Src/vl6180x_api.o
                0x0000000008000f5c                VL6180x_AlsSetInterMeasurementPeriod
 .text.VL6180x_AlsSetIntegrationPeriod
                0x0000000008000fa0       0x5e ./Core/Src/vl6180x_api.o
                0x0000000008000fa0                VL6180x_AlsSetIntegrationPeriod
 .text.VL6180x_RangePollMeasurement
                0x0000000008000ffe       0x86 ./Core/Src/vl6180x_api.o
                0x0000000008000ffe                VL6180x_RangePollMeasurement
 .text.VL6180x_GetCachedDWord
                0x0000000008001084       0x7a ./Core/Src/vl6180x_api.o
                0x0000000008001084                VL6180x_GetCachedDWord
 .text.VL6180x_GetCachedWord
                0x00000000080010fe       0x68 ./Core/Src/vl6180x_api.o
                0x00000000080010fe                VL6180x_GetCachedWord
 .text.VL6180x_GetCachedByte
                0x0000000008001166       0x56 ./Core/Src/vl6180x_api.o
                0x0000000008001166                VL6180x_GetCachedByte
 .text._CachedRegs_Fetch
                0x00000000080011bc       0x3e ./Core/Src/vl6180x_api.o
                0x00000000080011bc                _CachedRegs_Fetch
 .text._CachedRegs_Flush
                0x00000000080011fa       0x1a ./Core/Src/vl6180x_api.o
                0x00000000080011fa                _CachedRegs_Flush
 .text.VL6180x_RangeGetMeasurement
                0x0000000008001214       0xda ./Core/Src/vl6180x_api.o
                0x0000000008001214                VL6180x_RangeGetMeasurement
 .text.VL6180x_RangeGetResult
                0x00000000080012ee       0x3e ./Core/Src/vl6180x_api.o
                0x00000000080012ee                VL6180x_RangeGetResult
 .text.VL6180x_RangeSetRawThresholds
                0x000000000800132c       0x3c ./Core/Src/vl6180x_api.o
                0x000000000800132c                VL6180x_RangeSetRawThresholds
 .text.VL6180x_RangeSetThresholds
                0x0000000008001368       0x98 ./Core/Src/vl6180x_api.o
                0x0000000008001368                VL6180x_RangeSetThresholds
 .text.VL6180x_RangeGetThresholds
                0x0000000008001400       0x84 ./Core/Src/vl6180x_api.o
                0x0000000008001400                VL6180x_RangeGetThresholds
 .text.VL6180x_RangeGetInterruptStatus
                0x0000000008001484       0x30 ./Core/Src/vl6180x_api.o
                0x0000000008001484                VL6180x_RangeGetInterruptStatus
 .text.VL6180x_ClearInterrupt
                0x00000000080014b4       0x32 ./Core/Src/vl6180x_api.o
                0x00000000080014b4                VL6180x_ClearInterrupt
 .text._UpscaleInitPatch0
                0x00000000080014e6       0x28 ./Core/Src/vl6180x_api.o
 .text.VL6180x_UpscaleRegInit
                0x000000000800150e      0x1a8 ./Core/Src/vl6180x_api.o
                0x000000000800150e                VL6180x_UpscaleRegInit
 *fill*         0x00000000080016b6        0x2 
 .text.VL6180x_UpscaleSetScaling
                0x00000000080016b8       0xf4 ./Core/Src/vl6180x_api.o
                0x00000000080016b8                VL6180x_UpscaleSetScaling
 .text.VL6180x_UpscaleStaticInit
                0x00000000080017ac       0x3c ./Core/Src/vl6180x_api.o
 .text.VL6180x_RangeConfigInterrupt
                0x00000000080017e8       0x32 ./Core/Src/vl6180x_api.o
                0x00000000080017e8                VL6180x_RangeConfigInterrupt
 .text.VL6180x_RangeSetEceState
                0x000000000800181a       0x32 ./Core/Src/vl6180x_api.o
                0x000000000800181a                VL6180x_RangeSetEceState
 .text.VL6180x_RangeSetMaxConvergenceTime
                0x000000000800184c       0x4c ./Core/Src/vl6180x_api.o
                0x000000000800184c                VL6180x_RangeSetMaxConvergenceTime
 .text.VL6180x_RangeSetSystemMode
                0x0000000008001898       0x32 ./Core/Src/vl6180x_api.o
                0x0000000008001898                VL6180x_RangeSetSystemMode
 .text.VL6180x_RangeSetEarlyConvergenceEestimateThreshold
                0x00000000080018ca       0xb8 ./Core/Src/vl6180x_api.o
 .text._GetAveTotalTime
                0x0000000008001982       0x94 ./Core/Src/vl6180x_api.o
 .text._filter_Init
                0x0000000008001a16       0x7c ./Core/Src/vl6180x_api.o
 .text._filter_StdDevDamper
                0x0000000008001a92       0x74 ./Core/Src/vl6180x_api.o
 *fill*         0x0000000008001b06        0x2 
 .text._filter_Start
                0x0000000008001b08      0x98c ./Core/Src/vl6180x_api.o
 .text._filter_GetResult
                0x0000000008002494       0x9e ./Core/Src/vl6180x_api.o
 .text._GetRateResult
                0x0000000008002532      0x10c ./Core/Src/vl6180x_api.o
 .text.VL6180x_SqrtUint32
                0x000000000800263e       0x66 ./Core/Src/vl6180x_api.o
                0x000000000800263e                VL6180x_SqrtUint32
 .text._DMax_OneTimeInit
                0x00000000080026a4       0x1a ./Core/Src/vl6180x_api.o
                0x00000000080026a4                _DMax_OneTimeInit
 *fill*         0x00000000080026be        0x2 
 .text._DMax_RawValueAtRateKCps
                0x00000000080026c0       0x98 ./Core/Src/vl6180x_api.o
 .text._DMax_InitData
                0x0000000008002758      0x17c ./Core/Src/vl6180x_api.o
 .text._DMax_Compute
                0x00000000080028d4       0x80 ./Core/Src/vl6180x_api.o
 .text.VL6180x_WrByte
                0x0000000008002954       0x4a ./Core/Src/vl6180x_i2c.o
                0x0000000008002954                VL6180x_WrByte
 .text.VL6180x_WrWord
                0x000000000800299e       0x5a ./Core/Src/vl6180x_i2c.o
                0x000000000800299e                VL6180x_WrWord
 .text.VL6180x_WrDWord
                0x00000000080029f8       0x6e ./Core/Src/vl6180x_i2c.o
                0x00000000080029f8                VL6180x_WrDWord
 .text.VL6180x_UpdateByte
                0x0000000008002a66       0x8c ./Core/Src/vl6180x_i2c.o
                0x0000000008002a66                VL6180x_UpdateByte
 .text.VL6180x_RdByte
                0x0000000008002af2       0x60 ./Core/Src/vl6180x_i2c.o
                0x0000000008002af2                VL6180x_RdByte
 .text.VL6180x_RdWord
                0x0000000008002b52       0x72 ./Core/Src/vl6180x_i2c.o
                0x0000000008002b52                VL6180x_RdWord
 .text.VL6180x_RdDWord
                0x0000000008002bc4       0x7e ./Core/Src/vl6180x_i2c.o
                0x0000000008002bc4                VL6180x_RdDWord
 .text.VL6180x_RdMulti
                0x0000000008002c42       0x58 ./Core/Src/vl6180x_i2c.o
                0x0000000008002c42                VL6180x_RdMulti
 *fill*         0x0000000008002c9a        0x2 
 .text.Reset_Handler
                0x0000000008002c9c       0x48 ./Core/Startup/startup_stm32f103c6tx.o
                0x0000000008002c9c                Reset_Handler
 .text.Default_Handler
                0x0000000008002ce4        0x2 ./Core/Startup/startup_stm32f103c6tx.o
                0x0000000008002ce4                RTC_Alarm_IRQHandler
                0x0000000008002ce4                EXTI2_IRQHandler
                0x0000000008002ce4                TIM1_CC_IRQHandler
                0x0000000008002ce4                PVD_IRQHandler
                0x0000000008002ce4                EXTI3_IRQHandler
                0x0000000008002ce4                EXTI0_IRQHandler
                0x0000000008002ce4                ADC1_2_IRQHandler
                0x0000000008002ce4                SPI1_IRQHandler
                0x0000000008002ce4                TAMPER_IRQHandler
                0x0000000008002ce4                DMA1_Channel4_IRQHandler
                0x0000000008002ce4                RTC_IRQHandler
                0x0000000008002ce4                DMA1_Channel7_IRQHandler
                0x0000000008002ce4                CAN1_RX1_IRQHandler
                0x0000000008002ce4                I2C1_EV_IRQHandler
                0x0000000008002ce4                DMA1_Channel6_IRQHandler
                0x0000000008002ce4                TIM3_IRQHandler
                0x0000000008002ce4                RCC_IRQHandler
                0x0000000008002ce4                TIM1_TRG_COM_IRQHandler
                0x0000000008002ce4                DMA1_Channel1_IRQHandler
                0x0000000008002ce4                Default_Handler
                0x0000000008002ce4                EXTI15_10_IRQHandler
                0x0000000008002ce4                EXTI9_5_IRQHandler
                0x0000000008002ce4                DMA1_Channel5_IRQHandler
                0x0000000008002ce4                EXTI4_IRQHandler
                0x0000000008002ce4                USB_LP_CAN1_RX0_IRQHandler
                0x0000000008002ce4                USB_HP_CAN1_TX_IRQHandler
                0x0000000008002ce4                DMA1_Channel3_IRQHandler
                0x0000000008002ce4                TIM1_UP_IRQHandler
                0x0000000008002ce4                WWDG_IRQHandler
                0x0000000008002ce4                TIM2_IRQHandler
                0x0000000008002ce4                TIM1_BRK_IRQHandler
                0x0000000008002ce4                EXTI1_IRQHandler
                0x0000000008002ce4                USART2_IRQHandler
                0x0000000008002ce4                DMA1_Channel2_IRQHandler
                0x0000000008002ce4                CAN1_SCE_IRQHandler
                0x0000000008002ce4                FLASH_IRQHandler
                0x0000000008002ce4                USART1_IRQHandler
                0x0000000008002ce4                I2C1_ER_IRQHandler
                0x0000000008002ce4                USBWakeUp_IRQHandler
 *fill*         0x0000000008002ce6        0x2 
 .text.HAL_Init
                0x0000000008002ce8       0x2c ./Drivers/STM32F1xx_HAL_Driver/Src/stm32f1xx_hal.o
                0x0000000008002ce8                HAL_Init
 .text.HAL_InitTick
                0x0000000008002d14       0x60 ./Drivers/STM32F1xx_HAL_Driver/Src/stm32f1xx_hal.o
                0x0000000008002d14                HAL_InitTick
 .text.HAL_IncTick
                0x0000000008002d74       0x24 ./Drivers/STM32F1xx_HAL_Driver/Src/stm32f1xx_hal.o
                0x0000000008002d74                HAL_IncTick
 .text.HAL_GetTick
                0x0000000008002d98       0x14 ./Drivers/STM32F1xx_HAL_Driver/Src/stm32f1xx_hal.o
                0x0000000008002d98                HAL_GetTick
 .text.HAL_Delay
                0x0000000008002dac       0x48 ./Drivers/STM32F1xx_HAL_Driver/Src/stm32f1xx_hal.o
                0x0000000008002dac                HAL_Delay
 .text.__NVIC_SetPriorityGrouping
                0x0000000008002df4       0x48 ./Drivers/STM32F1xx_HAL_Driver/Src/stm32f1xx_hal_cortex.o
 .text.__NVIC_GetPriorityGrouping
                0x0000000008002e3c       0x1c ./Drivers/STM32F1xx_HAL_Driver/Src/stm32f1xx_hal_cortex.o
 .text.__NVIC_SetPriority
                0x0000000008002e58       0x54 ./Drivers/STM32F1xx_HAL_Driver/Src/stm32f1xx_hal_cortex.o
 .text.NVIC_EncodePriority
                0x0000000008002eac       0x64 ./Drivers/STM32F1xx_HAL_Driver/Src/stm32f1xx_hal_cortex.o
 .text.SysTick_Config
                0x0000000008002f10       0x44 ./Drivers/STM32F1xx_HAL_Driver/Src/stm32f1xx_hal_cortex.o
 .text.HAL_NVIC_SetPriorityGrouping
                0x0000000008002f54       0x16 ./Drivers/STM32F1xx_HAL_Driver/Src/stm32f1xx_hal_cortex.o
                0x0000000008002f54                HAL_NVIC_SetPriorityGrouping
 .text.HAL_NVIC_SetPriority
                0x0000000008002f6a       0x38 ./Drivers/STM32F1xx_HAL_Driver/Src/stm32f1xx_hal_cortex.o
                0x0000000008002f6a                HAL_NVIC_SetPriority
 .text.HAL_SYSTICK_Config
                0x0000000008002fa2       0x18 ./Drivers/STM32F1xx_HAL_Driver/Src/stm32f1xx_hal_cortex.o
                0x0000000008002fa2                HAL_SYSTICK_Config
 *fill*         0x0000000008002fba        0x2 
 .text.HAL_GPIO_Init
                0x0000000008002fbc      0x2f8 ./Drivers/STM32F1xx_HAL_Driver/Src/stm32f1xx_hal_gpio.o
                0x0000000008002fbc                HAL_GPIO_Init
 .text.HAL_GPIO_ReadPin
                0x00000000080032b4       0x2e ./Drivers/STM32F1xx_HAL_Driver/Src/stm32f1xx_hal_gpio.o
                0x00000000080032b4                HAL_GPIO_ReadPin
 .text.HAL_GPIO_WritePin
                0x00000000080032e2       0x30 ./Drivers/STM32F1xx_HAL_Driver/Src/stm32f1xx_hal_gpio.o
                0x00000000080032e2                HAL_GPIO_WritePin
 *fill*         0x0000000008003312        0x2 
 .text.HAL_RCC_OscConfig
                0x0000000008003314      0x504 ./Drivers/STM32F1xx_HAL_Driver/Src/stm32f1xx_hal_rcc.o
                0x0000000008003314                HAL_RCC_OscConfig
 .text.HAL_RCC_ClockConfig
                0x0000000008003818      0x1d4 ./Drivers/STM32F1xx_HAL_Driver/Src/stm32f1xx_hal_rcc.o
                0x0000000008003818                HAL_RCC_ClockConfig
 .text.HAL_RCC_GetSysClockFreq
                0x00000000080039ec       0xbc ./Drivers/STM32F1xx_HAL_Driver/Src/stm32f1xx_hal_rcc.o
                0x00000000080039ec                HAL_RCC_GetSysClockFreq
 .text.HAL_RCC_GetHCLKFreq
                0x0000000008003aa8       0x14 ./Drivers/STM32F1xx_HAL_Driver/Src/stm32f1xx_hal_rcc.o
                0x0000000008003aa8                HAL_RCC_GetHCLKFreq
 .text.HAL_RCC_GetPCLK1Freq
                0x0000000008003abc       0x28 ./Drivers/STM32F1xx_HAL_Driver/Src/stm32f1xx_hal_rcc.o
                0x0000000008003abc                HAL_RCC_GetPCLK1Freq
 .text.HAL_RCC_GetPCLK2Freq
                0x0000000008003ae4       0x28 ./Drivers/STM32F1xx_HAL_Driver/Src/stm32f1xx_hal_rcc.o
                0x0000000008003ae4                HAL_RCC_GetPCLK2Freq
 .text.RCC_Delay
                0x0000000008003b0c       0x3c ./Drivers/STM32F1xx_HAL_Driver/Src/stm32f1xx_hal_rcc.o
 .text.HAL_UART_Init
                0x0000000008003b48       0x9a ./Drivers/STM32F1xx_HAL_Driver/Src/stm32f1xx_hal_uart.o
                0x0000000008003b48                HAL_UART_Init
 .text.HAL_UART_Transmit
                0x0000000008003be2      0x124 ./Drivers/STM32F1xx_HAL_Driver/Src/stm32f1xx_hal_uart.o
                0x0000000008003be2                HAL_UART_Transmit
 .text.HAL_UART_Receive
                0x0000000008003d06      0x144 ./Drivers/STM32F1xx_HAL_Driver/Src/stm32f1xx_hal_uart.o
                0x0000000008003d06                HAL_UART_Receive
 .text.UART_WaitOnFlagUntilTimeout
                0x0000000008003e4a       0x94 ./Drivers/STM32F1xx_HAL_Driver/Src/stm32f1xx_hal_uart.o
 *fill*         0x0000000008003ede        0x2 
 .text.UART_SetConfig
                0x0000000008003ee0      0x11c ./Drivers/STM32F1xx_HAL_Driver/Src/stm32f1xx_hal_uart.o
 .text.__errno  0x0000000008003ffc        0xc c:/st/stm32cubeide_1.10.1/stm32cubeide/plugins/com.st.stm32cube.ide.mcu.externaltools.gnu-tools-for-stm32.10.3-2021.10.win32_1.0.0.202111181127/tools/bin/../lib/gcc/arm-none-eabi/10.3.1/../../../../arm-none-eabi/lib/thumb/v7-m/nofp\libc_nano.a(lib_a-errno.o)
                0x0000000008003ffc                __errno
 .text.__libc_init_array
                0x0000000008004008       0x48 c:/st/stm32cubeide_1.10.1/stm32cubeide/plugins/com.st.stm32cube.ide.mcu.externaltools.gnu-tools-for-stm32.10.3-2021.10.win32_1.0.0.202111181127/tools/bin/../lib/gcc/arm-none-eabi/10.3.1/../../../../arm-none-eabi/lib/thumb/v7-m/nofp\libc_nano.a(lib_a-init.o)
                0x0000000008004008                __libc_init_array
 .text.memset   0x0000000008004050       0x10 c:/st/stm32cubeide_1.10.1/stm32cubeide/plugins/com.st.stm32cube.ide.mcu.externaltools.gnu-tools-for-stm32.10.3-2021.10.win32_1.0.0.202111181127/tools/bin/../lib/gcc/arm-none-eabi/10.3.1/../../../../arm-none-eabi/lib/thumb/v7-m/nofp\libc_nano.a(lib_a-memset.o)
                0x0000000008004050                memset
 .text.printf   0x0000000008004060       0x30 c:/st/stm32cubeide_1.10.1/stm32cubeide/plugins/com.st.stm32cube.ide.mcu.externaltools.gnu-tools-for-stm32.10.3-2021.10.win32_1.0.0.202111181127/tools/bin/../lib/gcc/arm-none-eabi/10.3.1/../../../../arm-none-eabi/lib/thumb/v7-m/nofp\libc_nano.a(lib_a-printf.o)
                0x0000000008004060                iprintf
                0x0000000008004060                printf
 .text.std      0x0000000008004090       0x48 c:/st/stm32cubeide_1.10.1/stm32cubeide/plugins/com.st.stm32cube.ide.mcu.externaltools.gnu-tools-for-stm32.10.3-2021.10.win32_1.0.0.202111181127/tools/bin/../lib/gcc/arm-none-eabi/10.3.1/../../../../arm-none-eabi/lib/thumb/v7-m/nofp\libc_nano.a(lib_a-findfp.o)
 .text._cleanup_r
                0x00000000080040d8        0xc c:/st/stm32cubeide_1.10.1/stm32cubeide/plugins/com.st.stm32cube.ide.mcu.externaltools.gnu-tools-for-stm32.10.3-2021.10.win32_1.0.0.202111181127/tools/bin/../lib/gcc/arm-none-eabi/10.3.1/../../../../arm-none-eabi/lib/thumb/v7-m/nofp\libc_nano.a(lib_a-findfp.o)
                0x00000000080040d8                _cleanup_r
 .text.__sfmoreglue
                0x00000000080040e4       0x2c c:/st/stm32cubeide_1.10.1/stm32cubeide/plugins/com.st.stm32cube.ide.mcu.externaltools.gnu-tools-for-stm32.10.3-2021.10.win32_1.0.0.202111181127/tools/bin/../lib/gcc/arm-none-eabi/10.3.1/../../../../arm-none-eabi/lib/thumb/v7-m/nofp\libc_nano.a(lib_a-findfp.o)
                0x00000000080040e4                __sfmoreglue
 .text.__sfp_lock_acquire
                0x0000000008004110        0xc c:/st/stm32cubeide_1.10.1/stm32cubeide/plugins/com.st.stm32cube.ide.mcu.externaltools.gnu-tools-for-stm32.10.3-2021.10.win32_1.0.0.202111181127/tools/bin/../lib/gcc/arm-none-eabi/10.3.1/../../../../arm-none-eabi/lib/thumb/v7-m/nofp\libc_nano.a(lib_a-findfp.o)
                0x0000000008004110                __sfp_lock_acquire
 .text.__sfp_lock_release
                0x000000000800411c        0xc c:/st/stm32cubeide_1.10.1/stm32cubeide/plugins/com.st.stm32cube.ide.mcu.externaltools.gnu-tools-for-stm32.10.3-2021.10.win32_1.0.0.202111181127/tools/bin/../lib/gcc/arm-none-eabi/10.3.1/../../../../arm-none-eabi/lib/thumb/v7-m/nofp\libc_nano.a(lib_a-findfp.o)
                0x000000000800411c                __sfp_lock_release
 .text.__sinit_lock_acquire
                0x0000000008004128        0xc c:/st/stm32cubeide_1.10.1/stm32cubeide/plugins/com.st.stm32cube.ide.mcu.externaltools.gnu-tools-for-stm32.10.3-2021.10.win32_1.0.0.202111181127/tools/bin/../lib/gcc/arm-none-eabi/10.3.1/../../../../arm-none-eabi/lib/thumb/v7-m/nofp\libc_nano.a(lib_a-findfp.o)
                0x0000000008004128                __sinit_lock_acquire
 .text.__sinit_lock_release
                0x0000000008004134        0xc c:/st/stm32cubeide_1.10.1/stm32cubeide/plugins/com.st.stm32cube.ide.mcu.externaltools.gnu-tools-for-stm32.10.3-2021.10.win32_1.0.0.202111181127/tools/bin/../lib/gcc/arm-none-eabi/10.3.1/../../../../arm-none-eabi/lib/thumb/v7-m/nofp\libc_nano.a(lib_a-findfp.o)
                0x0000000008004134                __sinit_lock_release
 .text.__sinit  0x0000000008004140       0x70 c:/st/stm32cubeide_1.10.1/stm32cubeide/plugins/com.st.stm32cube.ide.mcu.externaltools.gnu-tools-for-stm32.10.3-2021.10.win32_1.0.0.202111181127/tools/bin/../lib/gcc/arm-none-eabi/10.3.1/../../../../arm-none-eabi/lib/thumb/v7-m/nofp\libc_nano.a(lib_a-findfp.o)
                0x0000000008004140                __sinit
 .text.__sfp    0x00000000080041b0       0x8c c:/st/stm32cubeide_1.10.1/stm32cubeide/plugins/com.st.stm32cube.ide.mcu.externaltools.gnu-tools-for-stm32.10.3-2021.10.win32_1.0.0.202111181127/tools/bin/../lib/gcc/arm-none-eabi/10.3.1/../../../../arm-none-eabi/lib/thumb/v7-m/nofp\libc_nano.a(lib_a-findfp.o)
                0x00000000080041b0                __sfp
 .text._fwalk_reent
                0x000000000800423c       0x3e c:/st/stm32cubeide_1.10.1/stm32cubeide/plugins/com.st.stm32cube.ide.mcu.externaltools.gnu-tools-for-stm32.10.3-2021.10.win32_1.0.0.202111181127/tools/bin/../lib/gcc/arm-none-eabi/10.3.1/../../../../arm-none-eabi/lib/thumb/v7-m/nofp\libc_nano.a(lib_a-fwalk.o)
                0x000000000800423c                _fwalk_reent
 .text.__retarget_lock_init_recursive
                0x000000000800427a        0x2 c:/st/stm32cubeide_1.10.1/stm32cubeide/plugins/com.st.stm32cube.ide.mcu.externaltools.gnu-tools-for-stm32.10.3-2021.10.win32_1.0.0.202111181127/tools/bin/../lib/gcc/arm-none-eabi/10.3.1/../../../../arm-none-eabi/lib/thumb/v7-m/nofp\libc_nano.a(lib_a-lock.o)
                0x000000000800427a                __retarget_lock_init_recursive
 .text.__retarget_lock_acquire_recursive
                0x000000000800427c        0x2 c:/st/stm32cubeide_1.10.1/stm32cubeide/plugins/com.st.stm32cube.ide.mcu.externaltools.gnu-tools-for-stm32.10.3-2021.10.win32_1.0.0.202111181127/tools/bin/../lib/gcc/arm-none-eabi/10.3.1/../../../../arm-none-eabi/lib/thumb/v7-m/nofp\libc_nano.a(lib_a-lock.o)
                0x000000000800427c                __retarget_lock_acquire_recursive
 .text.__retarget_lock_release_recursive
                0x000000000800427e        0x2 c:/st/stm32cubeide_1.10.1/stm32cubeide/plugins/com.st.stm32cube.ide.mcu.externaltools.gnu-tools-for-stm32.10.3-2021.10.win32_1.0.0.202111181127/tools/bin/../lib/gcc/arm-none-eabi/10.3.1/../../../../arm-none-eabi/lib/thumb/v7-m/nofp\libc_nano.a(lib_a-lock.o)
                0x000000000800427e                __retarget_lock_release_recursive
 .text.sbrk_aligned
                0x0000000008004280       0x40 c:/st/stm32cubeide_1.10.1/stm32cubeide/plugins/com.st.stm32cube.ide.mcu.externaltools.gnu-tools-for-stm32.10.3-2021.10.win32_1.0.0.202111181127/tools/bin/../lib/gcc/arm-none-eabi/10.3.1/../../../../arm-none-eabi/lib/thumb/v7-m/nofp\libc_nano.a(lib_a-nano-mallocr.o)
 .text._malloc_r
                0x00000000080042c0       0xe8 c:/st/stm32cubeide_1.10.1/stm32cubeide/plugins/com.st.stm32cube.ide.mcu.externaltools.gnu-tools-for-stm32.10.3-2021.10.win32_1.0.0.202111181127/tools/bin/../lib/gcc/arm-none-eabi/10.3.1/../../../../arm-none-eabi/lib/thumb/v7-m/nofp\libc_nano.a(lib_a-nano-mallocr.o)
                0x00000000080042c0                _malloc_r
 .text.__sfputc_r
                0x00000000080043a8       0x2a c:/st/stm32cubeide_1.10.1/stm32cubeide/plugins/com.st.stm32cube.ide.mcu.externaltools.gnu-tools-for-stm32.10.3-2021.10.win32_1.0.0.202111181127/tools/bin/../lib/gcc/arm-none-eabi/10.3.1/../../../../arm-none-eabi/lib/thumb/v7-m/nofp\libc_nano.a(lib_a-nano-vfprintf.o)
 .text.__sfputs_r
                0x00000000080043d2       0x24 c:/st/stm32cubeide_1.10.1/stm32cubeide/plugins/com.st.stm32cube.ide.mcu.externaltools.gnu-tools-for-stm32.10.3-2021.10.win32_1.0.0.202111181127/tools/bin/../lib/gcc/arm-none-eabi/10.3.1/../../../../arm-none-eabi/lib/thumb/v7-m/nofp\libc_nano.a(lib_a-nano-vfprintf.o)
                0x00000000080043d2                __sfputs_r
 *fill*         0x00000000080043f6        0x2 
 .text._vfprintf_r
                0x00000000080043f8      0x260 c:/st/stm32cubeide_1.10.1/stm32cubeide/plugins/com.st.stm32cube.ide.mcu.externaltools.gnu-tools-for-stm32.10.3-2021.10.win32_1.0.0.202111181127/tools/bin/../lib/gcc/arm-none-eabi/10.3.1/../../../../arm-none-eabi/lib/thumb/v7-m/nofp\libc_nano.a(lib_a-nano-vfprintf.o)
                0x00000000080043f8                _vfprintf_r
                0x00000000080043f8                _vfiprintf_r
 .text._printf_common
                0x0000000008004658       0xde c:/st/stm32cubeide_1.10.1/stm32cubeide/plugins/com.st.stm32cube.ide.mcu.externaltools.gnu-tools-for-stm32.10.3-2021.10.win32_1.0.0.202111181127/tools/bin/../lib/gcc/arm-none-eabi/10.3.1/../../../../arm-none-eabi/lib/thumb/v7-m/nofp\libc_nano.a(lib_a-nano-vfprintf_i.o)
                0x0000000008004658                _printf_common
 *fill*         0x0000000008004736        0x2 
 .text._printf_i
                0x0000000008004738      0x24c c:/st/stm32cubeide_1.10.1/stm32cubeide/plugins/com.st.stm32cube.ide.mcu.externaltools.gnu-tools-for-stm32.10.3-2021.10.win32_1.0.0.202111181127/tools/bin/../lib/gcc/arm-none-eabi/10.3.1/../../../../arm-none-eabi/lib/thumb/v7-m/nofp\libc_nano.a(lib_a-nano-vfprintf_i.o)
                0x0000000008004738                _printf_i
 .text._sbrk_r  0x0000000008004984       0x20 c:/st/stm32cubeide_1.10.1/stm32cubeide/plugins/com.st.stm32cube.ide.mcu.externaltools.gnu-tools-for-stm32.10.3-2021.10.win32_1.0.0.202111181127/tools/bin/../lib/gcc/arm-none-eabi/10.3.1/../../../../arm-none-eabi/lib/thumb/v7-m/nofp\libc_nano.a(lib_a-sbrkr.o)
                0x0000000008004984                _sbrk_r
 .text.__sread  0x00000000080049a4       0x22 c:/st/stm32cubeide_1.10.1/stm32cubeide/plugins/com.st.stm32cube.ide.mcu.externaltools.gnu-tools-for-stm32.10.3-2021.10.win32_1.0.0.202111181127/tools/bin/../lib/gcc/arm-none-eabi/10.3.1/../../../../arm-none-eabi/lib/thumb/v7-m/nofp\libc_nano.a(lib_a-stdio.o)
                0x00000000080049a4                __sread
 .text.__swrite
                0x00000000080049c6       0x38 c:/st/stm32cubeide_1.10.1/stm32cubeide/plugins/com.st.stm32cube.ide.mcu.externaltools.gnu-tools-for-stm32.10.3-2021.10.win32_1.0.0.202111181127/tools/bin/../lib/gcc/arm-none-eabi/10.3.1/../../../../arm-none-eabi/lib/thumb/v7-m/nofp\libc_nano.a(lib_a-stdio.o)
                0x00000000080049c6                __swrite
 .text.__sseek  0x00000000080049fe       0x24 c:/st/stm32cubeide_1.10.1/stm32cubeide/plugins/com.st.stm32cube.ide.mcu.externaltools.gnu-tools-for-stm32.10.3-2021.10.win32_1.0.0.202111181127/tools/bin/../lib/gcc/arm-none-eabi/10.3.1/../../../../arm-none-eabi/lib/thumb/v7-m/nofp\libc_nano.a(lib_a-stdio.o)
                0x00000000080049fe                __sseek
 .text.__sclose
                0x0000000008004a22        0x8 c:/st/stm32cubeide_1.10.1/stm32cubeide/plugins/com.st.stm32cube.ide.mcu.externaltools.gnu-tools-for-stm32.10.3-2021.10.win32_1.0.0.202111181127/tools/bin/../lib/gcc/arm-none-eabi/10.3.1/../../../../arm-none-eabi/lib/thumb/v7-m/nofp\libc_nano.a(lib_a-stdio.o)
                0x0000000008004a22                __sclose
 *fill*         0x0000000008004a2a        0x2 
 .text.__swbuf_r
                0x0000000008004a2c       0xa4 c:/st/stm32cubeide_1.10.1/stm32cubeide/plugins/com.st.stm32cube.ide.mcu.externaltools.gnu-tools-for-stm32.10.3-2021.10.win32_1.0.0.202111181127/tools/bin/../lib/gcc/arm-none-eabi/10.3.1/../../../../arm-none-eabi/lib/thumb/v7-m/nofp\libc_nano.a(lib_a-wbuf.o)
                0x0000000008004a2c                __swbuf_r
 .text._write_r
                0x0000000008004ad0       0x24 c:/st/stm32cubeide_1.10.1/stm32cubeide/plugins/com.st.stm32cube.ide.mcu.externaltools.gnu-tools-for-stm32.10.3-2021.10.win32_1.0.0.202111181127/tools/bin/../lib/gcc/arm-none-eabi/10.3.1/../../../../arm-none-eabi/lib/thumb/v7-m/nofp\libc_nano.a(lib_a-writer.o)
                0x0000000008004ad0                _write_r
 .text.__swsetup_r
                0x0000000008004af4       0xdc c:/st/stm32cubeide_1.10.1/stm32cubeide/plugins/com.st.stm32cube.ide.mcu.externaltools.gnu-tools-for-stm32.10.3-2021.10.win32_1.0.0.202111181127/tools/bin/../lib/gcc/arm-none-eabi/10.3.1/../../../../arm-none-eabi/lib/thumb/v7-m/nofp\libc_nano.a(lib_a-wsetup.o)
                0x0000000008004af4                __swsetup_r
 .text._close_r
                0x0000000008004bd0       0x20 c:/st/stm32cubeide_1.10.1/stm32cubeide/plugins/com.st.stm32cube.ide.mcu.externaltools.gnu-tools-for-stm32.10.3-2021.10.win32_1.0.0.202111181127/tools/bin/../lib/gcc/arm-none-eabi/10.3.1/../../../../arm-none-eabi/lib/thumb/v7-m/nofp\libc_nano.a(lib_a-closer.o)
                0x0000000008004bd0                _close_r
 .text.__sflush_r
                0x0000000008004bf0      0x104 c:/st/stm32cubeide_1.10.1/stm32cubeide/plugins/com.st.stm32cube.ide.mcu.externaltools.gnu-tools-for-stm32.10.3-2021.10.win32_1.0.0.202111181127/tools/bin/../lib/gcc/arm-none-eabi/10.3.1/../../../../arm-none-eabi/lib/thumb/v7-m/nofp\libc_nano.a(lib_a-fflush.o)
                0x0000000008004bf0                __sflush_r
 .text._fflush_r
                0x0000000008004cf4       0x78 c:/st/stm32cubeide_1.10.1/stm32cubeide/plugins/com.st.stm32cube.ide.mcu.externaltools.gnu-tools-for-stm32.10.3-2021.10.win32_1.0.0.202111181127/tools/bin/../lib/gcc/arm-none-eabi/10.3.1/../../../../arm-none-eabi/lib/thumb/v7-m/nofp\libc_nano.a(lib_a-fflush.o)
                0x0000000008004cf4                _fflush_r
 .text._lseek_r
                0x0000000008004d6c       0x24 c:/st/stm32cubeide_1.10.1/stm32cubeide/plugins/com.st.stm32cube.ide.mcu.externaltools.gnu-tools-for-stm32.10.3-2021.10.win32_1.0.0.202111181127/tools/bin/../lib/gcc/arm-none-eabi/10.3.1/../../../../arm-none-eabi/lib/thumb/v7-m/nofp\libc_nano.a(lib_a-lseekr.o)
                0x0000000008004d6c                _lseek_r
 .text.__swhatbuf_r
                0x0000000008004d90       0x4a c:/st/stm32cubeide_1.10.1/stm32cubeide/plugins/com.st.stm32cube.ide.mcu.externaltools.gnu-tools-for-stm32.10.3-2021.10.win32_1.0.0.202111181127/tools/bin/../lib/gcc/arm-none-eabi/10.3.1/../../../../arm-none-eabi/lib/thumb/v7-m/nofp\libc_nano.a(lib_a-makebuf.o)
                0x0000000008004d90                __swhatbuf_r
 *fill*         0x0000000008004dda        0x2 
 .text.__smakebuf_r
                0x0000000008004ddc       0x80 c:/st/stm32cubeide_1.10.1/stm32cubeide/plugins/com.st.stm32cube.ide.mcu.externaltools.gnu-tools-for-stm32.10.3-2021.10.win32_1.0.0.202111181127/tools/bin/../lib/gcc/arm-none-eabi/10.3.1/../../../../arm-none-eabi/lib/thumb/v7-m/nofp\libc_nano.a(lib_a-makebuf.o)
                0x0000000008004ddc                __smakebuf_r
 .text.memchr   0x0000000008004e5c       0x1c c:/st/stm32cubeide_1.10.1/stm32cubeide/plugins/com.st.stm32cube.ide.mcu.externaltools.gnu-tools-for-stm32.10.3-2021.10.win32_1.0.0.202111181127/tools/bin/../lib/gcc/arm-none-eabi/10.3.1/../../../../arm-none-eabi/lib/thumb/v7-m/nofp\libc_nano.a(lib_a-memchr-stub.o)
                0x0000000008004e5c                memchr
 .text.__malloc_lock
                0x0000000008004e78        0xc c:/st/stm32cubeide_1.10.1/stm32cubeide/plugins/com.st.stm32cube.ide.mcu.externaltools.gnu-tools-for-stm32.10.3-2021.10.win32_1.0.0.202111181127/tools/bin/../lib/gcc/arm-none-eabi/10.3.1/../../../../arm-none-eabi/lib/thumb/v7-m/nofp\libc_nano.a(lib_a-mlock.o)
                0x0000000008004e78                __malloc_lock
 .text.__malloc_unlock
                0x0000000008004e84        0xc c:/st/stm32cubeide_1.10.1/stm32cubeide/plugins/com.st.stm32cube.ide.mcu.externaltools.gnu-tools-for-stm32.10.3-2021.10.win32_1.0.0.202111181127/tools/bin/../lib/gcc/arm-none-eabi/10.3.1/../../../../arm-none-eabi/lib/thumb/v7-m/nofp\libc_nano.a(lib_a-mlock.o)
                0x0000000008004e84                __malloc_unlock
 .text._free_r  0x0000000008004e90       0x90 c:/st/stm32cubeide_1.10.1/stm32cubeide/plugins/com.st.stm32cube.ide.mcu.externaltools.gnu-tools-for-stm32.10.3-2021.10.win32_1.0.0.202111181127/tools/bin/../lib/gcc/arm-none-eabi/10.3.1/../../../../arm-none-eabi/lib/thumb/v7-m/nofp\libc_nano.a(lib_a-nano-freer.o)
                0x0000000008004e90                _free_r
 .text._read_r  0x0000000008004f20       0x24 c:/st/stm32cubeide_1.10.1/stm32cubeide/plugins/com.st.stm32cube.ide.mcu.externaltools.gnu-tools-for-stm32.10.3-2021.10.win32_1.0.0.202111181127/tools/bin/../lib/gcc/arm-none-eabi/10.3.1/../../../../arm-none-eabi/lib/thumb/v7-m/nofp\libc_nano.a(lib_a-readr.o)
                0x0000000008004f20                _read_r
 .text._fstat_r
                0x0000000008004f44       0x24 c:/st/stm32cubeide_1.10.1/stm32cubeide/plugins/com.st.stm32cube.ide.mcu.externaltools.gnu-tools-for-stm32.10.3-2021.10.win32_1.0.0.202111181127/tools/bin/../lib/gcc/arm-none-eabi/10.3.1/../../../../arm-none-eabi/lib/thumb/v7-m/nofp\libc_nano.a(lib_a-fstatr.o)
                0x0000000008004f44                _fstat_r
 .text._isatty_r
                0x0000000008004f68       0x20 c:/st/stm32cubeide_1.10.1/stm32cubeide/plugins/com.st.stm32cube.ide.mcu.externaltools.gnu-tools-for-stm32.10.3-2021.10.win32_1.0.0.202111181127/tools/bin/../lib/gcc/arm-none-eabi/10.3.1/../../../../arm-none-eabi/lib/thumb/v7-m/nofp\libc_nano.a(lib_a-isattyr.o)
                0x0000000008004f68                _isatty_r
 *(.glue_7)
 .glue_7        0x0000000008004f88        0x0 linker stubs
 *(.glue_7t)
 .glue_7t       0x0000000008004f88        0x0 linker stubs
 *(.eh_frame)
 .eh_frame      0x0000000008004f88        0x0 c:/st/stm32cubeide_1.10.1/stm32cubeide/plugins/com.st.stm32cube.ide.mcu.externaltools.gnu-tools-for-stm32.10.3-2021.10.win32_1.0.0.202111181127/tools/bin/../lib/gcc/arm-none-eabi/10.3.1/thumb/v7-m/nofp/crtbegin.o
 *(.init)
 .init          0x0000000008004f88        0x4 c:/st/stm32cubeide_1.10.1/stm32cubeide/plugins/com.st.stm32cube.ide.mcu.externaltools.gnu-tools-for-stm32.10.3-2021.10.win32_1.0.0.202111181127/tools/bin/../lib/gcc/arm-none-eabi/10.3.1/thumb/v7-m/nofp/crti.o
                0x0000000008004f88                _init
 .init          0x0000000008004f8c        0x8 c:/st/stm32cubeide_1.10.1/stm32cubeide/plugins/com.st.stm32cube.ide.mcu.externaltools.gnu-tools-for-stm32.10.3-2021.10.win32_1.0.0.202111181127/tools/bin/../lib/gcc/arm-none-eabi/10.3.1/thumb/v7-m/nofp/crtn.o
 *(.fini)
 .fini          0x0000000008004f94        0x4 c:/st/stm32cubeide_1.10.1/stm32cubeide/plugins/com.st.stm32cube.ide.mcu.externaltools.gnu-tools-for-stm32.10.3-2021.10.win32_1.0.0.202111181127/tools/bin/../lib/gcc/arm-none-eabi/10.3.1/thumb/v7-m/nofp/crti.o
                0x0000000008004f94                _fini
 .fini          0x0000000008004f98        0x8 c:/st/stm32cubeide_1.10.1/stm32cubeide/plugins/com.st.stm32cube.ide.mcu.externaltools.gnu-tools-for-stm32.10.3-2021.10.win32_1.0.0.202111181127/tools/bin/../lib/gcc/arm-none-eabi/10.3.1/thumb/v7-m/nofp/crtn.o
                0x0000000008004fa0                . = ALIGN (0x4)
                0x0000000008004fa0                _etext = .

.vfp11_veneer   0x0000000008004fa0        0x0
 .vfp11_veneer  0x0000000008004fa0        0x0 linker stubs

.v4_bx          0x0000000008004fa0        0x0
 .v4_bx         0x0000000008004fa0        0x0 linker stubs

.iplt           0x0000000008004fa0        0x0
 .iplt          0x0000000008004fa0        0x0 c:/st/stm32cubeide_1.10.1/stm32cubeide/plugins/com.st.stm32cube.ide.mcu.externaltools.gnu-tools-for-stm32.10.3-2021.10.win32_1.0.0.202111181127/tools/bin/../lib/gcc/arm-none-eabi/10.3.1/thumb/v7-m/nofp/crtbegin.o

.rodata         0x0000000008004fa0      0x15c
                0x0000000008004fa0                . = ALIGN (0x4)
 *(.rodata)
 .rodata        0x0000000008004fa0       0x25 ./Core/Src/main.o
 *fill*         0x0000000008004fc5        0x3 
 .rodata        0x0000000008004fc8       0x10 ./Drivers/STM32F1xx_HAL_Driver/Src/stm32f1xx_hal_rcc.o
 *(.rodata*)
 .rodata.AHBPrescTable
                0x0000000008004fd8       0x10 ./Core/Src/system_stm32f1xx.o
                0x0000000008004fd8                AHBPrescTable
 .rodata.APBPrescTable
                0x0000000008004fe8        0x8 ./Core/Src/system_stm32f1xx.o
                0x0000000008004fe8                APBPrescTable
 .rodata.ScalerLookUP
                0x0000000008004ff0        0x6 ./Core/Src/vl6180x_api.o
 *fill*         0x0000000008004ff6        0x2 
 .rodata.UpperLimitLookUP
                0x0000000008004ff8        0x6 ./Core/Src/vl6180x_api.o
 *fill*         0x0000000008004ffe        0x2 
 .rodata.WrapAroundLowReturnRateLimit_ROM.27
                0x0000000008005000        0x4 ./Core/Src/vl6180x_api.o
 .rodata.WrapAroundLowReturnRateLimit2_ROM.26
                0x0000000008005004        0x4 ./Core/Src/vl6180x_api.o
 .rodata.WrapAroundLowReturnRateFilterLimit_ROM.25
                0x0000000008005008        0x4 ./Core/Src/vl6180x_api.o
 .rodata.WrapAroundHighReturnRateFilterLimit_ROM.24
                0x000000000800500c        0x4 ./Core/Src/vl6180x_api.o
 .rodata.WrapAroundLowRawRangeLimit.23
                0x0000000008005010        0x2 ./Core/Src/vl6180x_api.o
 .rodata.WrapAroundLowRawRangeLimit2.22
                0x0000000008005012        0x2 ./Core/Src/vl6180x_api.o
 .rodata.WrapAroundLowRawRangeLimit2SuspicuousAddedSignalRate.21
                0x0000000008005014        0x4 ./Core/Src/vl6180x_api.o
 .rodata.WrapAroundMaximumAmbientRateFilterLimit.20
                0x0000000008005018        0x4 ./Core/Src/vl6180x_api.o
 .rodata.MinReturnRateFilterFlush.19
                0x000000000800501c        0x4 ./Core/Src/vl6180x_api.o
 .rodata.MaxReturnRateChangeFilterFlush.18
                0x0000000008005020        0x4 ./Core/Src/vl6180x_api.o
 .rodata.WrapAroundHighRawRangeFilterLimit.17
                0x0000000008005024        0x2 ./Core/Src/vl6180x_api.o
 .rodata.WrapAroundNoDelayCheckPeriod.16
                0x0000000008005026        0x2 ./Core/Src/vl6180x_api.o
 .rodata.MAX_VAVGDiff_ROM.15
                0x0000000008005028        0x4 ./Core/Src/vl6180x_api.o
 .rodata.SuspicuousMAX_VAVGDiffRatio.14
                0x000000000800502c        0x4 ./Core/Src/vl6180x_api.o
 .rodata.StdDevLimitLowLight.13
                0x0000000008005030        0x4 ./Core/Src/vl6180x_api.o
 .rodata.StdDevLimitLowLightSNR.12
                0x0000000008005034        0x4 ./Core/Src/vl6180x_api.o
 .rodata.StdDevLimitHighLight.11
                0x0000000008005038        0x4 ./Core/Src/vl6180x_api.o
 .rodata.StdDevLimitHighLightSNR.10
                0x000000000800503c        0x4 ./Core/Src/vl6180x_api.o
 .rodata.StdDevMovingTargetStdDevLimit.9
                0x0000000008005040        0x4 ./Core/Src/vl6180x_api.o
 .rodata.StdDevMovingTargetReturnRateLimit.8
                0x0000000008005044        0x4 ./Core/Src/vl6180x_api.o
 .rodata.StdDevMovingTargetStdDevForReturnRateLimit.7
                0x0000000008005048        0x4 ./Core/Src/vl6180x_api.o
 .rodata.StdDevNoWrapDetectedMultiplier.6
                0x000000000800504c        0x4 ./Core/Src/vl6180x_api.o
 .rodata.StdDevHighConfidenceSNRLimit.5
                0x0000000008005050        0x4 ./Core/Src/vl6180x_api.o
 .rodata.StdFilteredReadsIncrement.4
                0x0000000008005054        0x2 ./Core/Src/vl6180x_api.o
 .rodata.StdMaxFilteredReads.3
                0x0000000008005056        0x2 ./Core/Src/vl6180x_api.o
 .rodata.StdFilteredReadsDecrement.2
                0x0000000008005058        0x2 ./Core/Src/vl6180x_api.o
 *fill*         0x000000000800505a        0x2 
 .rodata.MaxConvTimeAdjust.1
                0x000000000800505c        0x4 ./Core/Src/vl6180x_api.o
 .rodata.rtnAmbLowLimit_KCps.0
                0x0000000008005060        0x4 ./Core/Src/vl6180x_api.o
 .rodata._global_impure_ptr
                0x0000000008005064        0x4 c:/st/stm32cubeide_1.10.1/stm32cubeide/plugins/com.st.stm32cube.ide.mcu.externaltools.gnu-tools-for-stm32.10.3-2021.10.win32_1.0.0.202111181127/tools/bin/../lib/gcc/arm-none-eabi/10.3.1/../../../../arm-none-eabi/lib/thumb/v7-m/nofp\libc_nano.a(lib_a-impure.o)
                0x0000000008005064                _global_impure_ptr
 .rodata.__sf_fake_stderr
                0x0000000008005068       0x20 c:/st/stm32cubeide_1.10.1/stm32cubeide/plugins/com.st.stm32cube.ide.mcu.externaltools.gnu-tools-for-stm32.10.3-2021.10.win32_1.0.0.202111181127/tools/bin/../lib/gcc/arm-none-eabi/10.3.1/../../../../arm-none-eabi/lib/thumb/v7-m/nofp\libc_nano.a(lib_a-findfp.o)
                0x0000000008005068                __sf_fake_stderr
 .rodata.__sf_fake_stdin
                0x0000000008005088       0x20 c:/st/stm32cubeide_1.10.1/stm32cubeide/plugins/com.st.stm32cube.ide.mcu.externaltools.gnu-tools-for-stm32.10.3-2021.10.win32_1.0.0.202111181127/tools/bin/../lib/gcc/arm-none-eabi/10.3.1/../../../../arm-none-eabi/lib/thumb/v7-m/nofp\libc_nano.a(lib_a-findfp.o)
                0x0000000008005088                __sf_fake_stdin
 .rodata.__sf_fake_stdout
                0x00000000080050a8       0x20 c:/st/stm32cubeide_1.10.1/stm32cubeide/plugins/com.st.stm32cube.ide.mcu.externaltools.gnu-tools-for-stm32.10.3-2021.10.win32_1.0.0.202111181127/tools/bin/../lib/gcc/arm-none-eabi/10.3.1/../../../../arm-none-eabi/lib/thumb/v7-m/nofp\libc_nano.a(lib_a-findfp.o)
                0x00000000080050a8                __sf_fake_stdout
 .rodata._vfprintf_r.str1.1
                0x00000000080050c8       0x11 c:/st/stm32cubeide_1.10.1/stm32cubeide/plugins/com.st.stm32cube.ide.mcu.externaltools.gnu-tools-for-stm32.10.3-2021.10.win32_1.0.0.202111181127/tools/bin/../lib/gcc/arm-none-eabi/10.3.1/../../../../arm-none-eabi/lib/thumb/v7-m/nofp\libc_nano.a(lib_a-nano-vfprintf.o)
 .rodata._printf_i.str1.1
                0x00000000080050d9       0x22 c:/st/stm32cubeide_1.10.1/stm32cubeide/plugins/com.st.stm32cube.ide.mcu.externaltools.gnu-tools-for-stm32.10.3-2021.10.win32_1.0.0.202111181127/tools/bin/../lib/gcc/arm-none-eabi/10.3.1/../../../../arm-none-eabi/lib/thumb/v7-m/nofp\libc_nano.a(lib_a-nano-vfprintf_i.o)
                0x00000000080050fc                . = ALIGN (0x4)
 *fill*         0x00000000080050fb        0x1 

.rel.dyn        0x00000000080050fc        0x0
 .rel.iplt      0x00000000080050fc        0x0 c:/st/stm32cubeide_1.10.1/stm32cubeide/plugins/com.st.stm32cube.ide.mcu.externaltools.gnu-tools-for-stm32.10.3-2021.10.win32_1.0.0.202111181127/tools/bin/../lib/gcc/arm-none-eabi/10.3.1/thumb/v7-m/nofp/crtbegin.o

.ARM.extab      0x00000000080050fc        0x0
                0x00000000080050fc                . = ALIGN (0x4)
 *(.ARM.extab* .gnu.linkonce.armextab.*)
                0x00000000080050fc                . = ALIGN (0x4)

.ARM            0x00000000080050fc        0x0
                0x00000000080050fc                . = ALIGN (0x4)
                0x00000000080050fc                __exidx_start = .
 *(.ARM.exidx*)
                0x00000000080050fc                __exidx_end = .
                0x00000000080050fc                . = ALIGN (0x4)

.preinit_array  0x00000000080050fc        0x0
                0x00000000080050fc                . = ALIGN (0x4)
                0x00000000080050fc                PROVIDE (__preinit_array_start = .)
 *(.preinit_array*)
                0x00000000080050fc                PROVIDE (__preinit_array_end = .)
                0x00000000080050fc                . = ALIGN (0x4)

.init_array     0x00000000080050fc        0x4
                0x00000000080050fc                . = ALIGN (0x4)
                0x00000000080050fc                PROVIDE (__init_array_start = .)
 *(SORT_BY_NAME(.init_array.*))
 *(.init_array*)
 .init_array    0x00000000080050fc        0x4 c:/st/stm32cubeide_1.10.1/stm32cubeide/plugins/com.st.stm32cube.ide.mcu.externaltools.gnu-tools-for-stm32.10.3-2021.10.win32_1.0.0.202111181127/tools/bin/../lib/gcc/arm-none-eabi/10.3.1/thumb/v7-m/nofp/crtbegin.o
                0x0000000008005100                PROVIDE (__init_array_end = .)
                0x0000000008005100                . = ALIGN (0x4)

.fini_array     0x0000000008005100        0x4
                0x0000000008005100                . = ALIGN (0x4)
                [!provide]                        PROVIDE (__fini_array_start = .)
 *(SORT_BY_NAME(.fini_array.*))
 *(.fini_array*)
 .fini_array    0x0000000008005100        0x4 c:/st/stm32cubeide_1.10.1/stm32cubeide/plugins/com.st.stm32cube.ide.mcu.externaltools.gnu-tools-for-stm32.10.3-2021.10.win32_1.0.0.202111181127/tools/bin/../lib/gcc/arm-none-eabi/10.3.1/thumb/v7-m/nofp/crtbegin.o
                [!provide]                        PROVIDE (__fini_array_end = .)
                0x0000000008005104                . = ALIGN (0x4)
                0x0000000008005104                _sidata = LOADADDR (.data)

.data           0x0000000020000000       0x70 load address 0x0000000008005104
                0x0000000020000000                . = ALIGN (0x4)
                0x0000000020000000                _sdata = .
 *(.data)
 *(.data*)
 .data.SystemCoreClock
                0x0000000020000000        0x4 ./Core/Src/system_stm32f1xx.o
                0x0000000020000000                SystemCoreClock
 .data.uwTickPrio
                0x0000000020000004        0x4 ./Drivers/STM32F1xx_HAL_Driver/Src/stm32f1xx_hal.o
                0x0000000020000004                uwTickPrio
 .data.uwTickFreq
                0x0000000020000008        0x1 ./Drivers/STM32F1xx_HAL_Driver/Src/stm32f1xx_hal.o
                0x0000000020000008                uwTickFreq
 *fill*         0x0000000020000009        0x3 
 .data._impure_ptr
                0x000000002000000c        0x4 c:/st/stm32cubeide_1.10.1/stm32cubeide/plugins/com.st.stm32cube.ide.mcu.externaltools.gnu-tools-for-stm32.10.3-2021.10.win32_1.0.0.202111181127/tools/bin/../lib/gcc/arm-none-eabi/10.3.1/../../../../arm-none-eabi/lib/thumb/v7-m/nofp\libc_nano.a(lib_a-impure.o)
                0x000000002000000c                _impure_ptr
 .data.impure_data
                0x0000000020000010       0x60 c:/st/stm32cubeide_1.10.1/stm32cubeide/plugins/com.st.stm32cube.ide.mcu.externaltools.gnu-tools-for-stm32.10.3-2021.10.win32_1.0.0.202111181127/tools/bin/../lib/gcc/arm-none-eabi/10.3.1/../../../../arm-none-eabi/lib/thumb/v7-m/nofp\libc_nano.a(lib_a-impure.o)
 *(.RamFunc)
 *(.RamFunc*)
                0x0000000020000070                . = ALIGN (0x4)
                0x0000000020000070                _edata = .

.igot.plt       0x0000000020000070        0x0 load address 0x0000000008005174
 .igot.plt      0x0000000020000070        0x0 c:/st/stm32cubeide_1.10.1/stm32cubeide/plugins/com.st.stm32cube.ide.mcu.externaltools.gnu-tools-for-stm32.10.3-2021.10.win32_1.0.0.202111181127/tools/bin/../lib/gcc/arm-none-eabi/10.3.1/thumb/v7-m/nofp/crtbegin.o
                0x0000000020000070                . = ALIGN (0x4)

.bss            0x0000000020000070      0x220 load address 0x0000000008005174
                0x0000000020000070                _sbss = .
                0x0000000020000070                __bss_start__ = _sbss
 *(.bss)
 .bss           0x0000000020000070       0x1c c:/st/stm32cubeide_1.10.1/stm32cubeide/plugins/com.st.stm32cube.ide.mcu.externaltools.gnu-tools-for-stm32.10.3-2021.10.win32_1.0.0.202111181127/tools/bin/../lib/gcc/arm-none-eabi/10.3.1/thumb/v7-m/nofp/crtbegin.o
 *(.bss*)
 .bss.huart1    0x000000002000008c       0x44 ./Core/Src/main.o
                0x000000002000008c                huart1
 .bss.Devs      0x00000000200000d0      0x1a8 ./Core/Src/main.o
                0x00000000200000d0                Devs
 .bss.__sbrk_heap_end
                0x0000000020000278        0x4 ./Core/Src/sysmem.o
 .bss.uwTick    0x000000002000027c        0x4 ./Drivers/STM32F1xx_HAL_Driver/Src/stm32f1xx_hal.o
                0x000000002000027c                uwTick
 .bss.__lock___malloc_recursive_mutex
                0x0000000020000280        0x1 c:/st/stm32cubeide_1.10.1/stm32cubeide/plugins/com.st.stm32cube.ide.mcu.externaltools.gnu-tools-for-stm32.10.3-2021.10.win32_1.0.0.202111181127/tools/bin/../lib/gcc/arm-none-eabi/10.3.1/../../../../arm-none-eabi/lib/thumb/v7-m/nofp\libc_nano.a(lib_a-lock.o)
                0x0000000020000280                __lock___malloc_recursive_mutex
 .bss.__lock___sfp_recursive_mutex
                0x0000000020000281        0x1 c:/st/stm32cubeide_1.10.1/stm32cubeide/plugins/com.st.stm32cube.ide.mcu.externaltools.gnu-tools-for-stm32.10.3-2021.10.win32_1.0.0.202111181127/tools/bin/../lib/gcc/arm-none-eabi/10.3.1/../../../../arm-none-eabi/lib/thumb/v7-m/nofp\libc_nano.a(lib_a-lock.o)
                0x0000000020000281                __lock___sfp_recursive_mutex
 .bss.__lock___sinit_recursive_mutex
                0x0000000020000282        0x1 c:/st/stm32cubeide_1.10.1/stm32cubeide/plugins/com.st.stm32cube.ide.mcu.externaltools.gnu-tools-for-stm32.10.3-2021.10.win32_1.0.0.202111181127/tools/bin/../lib/gcc/arm-none-eabi/10.3.1/../../../../arm-none-eabi/lib/thumb/v7-m/nofp\libc_nano.a(lib_a-lock.o)
                0x0000000020000282                __lock___sinit_recursive_mutex
 *fill*         0x0000000020000283        0x1 
 .bss.__malloc_free_list
                0x0000000020000284        0x4 c:/st/stm32cubeide_1.10.1/stm32cubeide/plugins/com.st.stm32cube.ide.mcu.externaltools.gnu-tools-for-stm32.10.3-2021.10.win32_1.0.0.202111181127/tools/bin/../lib/gcc/arm-none-eabi/10.3.1/../../../../arm-none-eabi/lib/thumb/v7-m/nofp\libc_nano.a(lib_a-nano-mallocr.o)
                0x0000000020000284                __malloc_free_list
 .bss.__malloc_sbrk_start
                0x0000000020000288        0x4 c:/st/stm32cubeide_1.10.1/stm32cubeide/plugins/com.st.stm32cube.ide.mcu.externaltools.gnu-tools-for-stm32.10.3-2021.10.win32_1.0.0.202111181127/tools/bin/../lib/gcc/arm-none-eabi/10.3.1/../../../../arm-none-eabi/lib/thumb/v7-m/nofp\libc_nano.a(lib_a-nano-mallocr.o)
                0x0000000020000288                __malloc_sbrk_start
 .bss.errno     0x000000002000028c        0x4 c:/st/stm32cubeide_1.10.1/stm32cubeide/plugins/com.st.stm32cube.ide.mcu.externaltools.gnu-tools-for-stm32.10.3-2021.10.win32_1.0.0.202111181127/tools/bin/../lib/gcc/arm-none-eabi/10.3.1/../../../../arm-none-eabi/lib/thumb/v7-m/nofp\libc_nano.a(lib_a-reent.o)
                0x000000002000028c                errno
 *(COMMON)
                0x0000000020000290                . = ALIGN (0x4)
                0x0000000020000290                _ebss = .
                0x0000000020000290                __bss_end__ = _ebss

._user_heap_stack
                0x0000000020000290      0x600 load address 0x0000000008005174
                0x0000000020000290                . = ALIGN (0x8)
                [!provide]                        PROVIDE (end = .)
                0x0000000020000290                PROVIDE (_end = .)
                0x0000000020000490                . = (. + _Min_Heap_Size)
 *fill*         0x0000000020000290      0x200 
                0x0000000020000890                . = (. + _Min_Stack_Size)
 *fill*         0x0000000020000490      0x400 
                0x0000000020000890                . = ALIGN (0x8)

/DISCARD/
 libc.a(*)
 libm.a(*)
 libgcc.a(*)

.ARM.attributes
                0x0000000000000000       0x29
 *(.ARM.attributes)
 .ARM.attributes
                0x0000000000000000       0x1d c:/st/stm32cubeide_1.10.1/stm32cubeide/plugins/com.st.stm32cube.ide.mcu.externaltools.gnu-tools-for-stm32.10.3-2021.10.win32_1.0.0.202111181127/tools/bin/../lib/gcc/arm-none-eabi/10.3.1/thumb/v7-m/nofp/crti.o
 .ARM.attributes
                0x000000000000001d       0x2d c:/st/stm32cubeide_1.10.1/stm32cubeide/plugins/com.st.stm32cube.ide.mcu.externaltools.gnu-tools-for-stm32.10.3-2021.10.win32_1.0.0.202111181127/tools/bin/../lib/gcc/arm-none-eabi/10.3.1/thumb/v7-m/nofp/crtbegin.o
 .ARM.attributes
                0x000000000000004a       0x2d ./Core/Src/bsp_i2c.o
 .ARM.attributes
                0x0000000000000077       0x2d ./Core/Src/main.o
 .ARM.attributes
                0x00000000000000a4       0x2d ./Core/Src/stm32f1xx_hal_msp.o
 .ARM.attributes
                0x00000000000000d1       0x2d ./Core/Src/stm32f1xx_it.o
 .ARM.attributes
                0x00000000000000fe       0x2d ./Core/Src/syscalls.o
 .ARM.attributes
                0x000000000000012b       0x2d ./Core/Src/sysmem.o
 .ARM.attributes
                0x0000000000000158       0x2d ./Core/Src/system_stm32f1xx.o
 .ARM.attributes
                0x0000000000000185       0x2d ./Core/Src/vl6180x_api.o
 .ARM.attributes
                0x00000000000001b2       0x2d ./Core/Src/vl6180x_i2c.o
 .ARM.attributes
                0x00000000000001df       0x21 ./Core/Startup/startup_stm32f103c6tx.o
 .ARM.attributes
                0x0000000000000200       0x2d ./Drivers/STM32F1xx_HAL_Driver/Src/stm32f1xx_hal.o
 .ARM.attributes
                0x000000000000022d       0x2d ./Drivers/STM32F1xx_HAL_Driver/Src/stm32f1xx_hal_cortex.o
 .ARM.attributes
                0x000000000000025a       0x2d ./Drivers/STM32F1xx_HAL_Driver/Src/stm32f1xx_hal_gpio.o
 .ARM.attributes
                0x0000000000000287       0x2d ./Drivers/STM32F1xx_HAL_Driver/Src/stm32f1xx_hal_rcc.o
 .ARM.attributes
                0x00000000000002b4       0x2d ./Drivers/STM32F1xx_HAL_Driver/Src/stm32f1xx_hal_uart.o
 .ARM.attributes
                0x00000000000002e1       0x2d c:/st/stm32cubeide_1.10.1/stm32cubeide/plugins/com.st.stm32cube.ide.mcu.externaltools.gnu-tools-for-stm32.10.3-2021.10.win32_1.0.0.202111181127/tools/bin/../lib/gcc/arm-none-eabi/10.3.1/../../../../arm-none-eabi/lib/thumb/v7-m/nofp\libc_nano.a(lib_a-errno.o)
 .ARM.attributes
                0x000000000000030e       0x2d c:/st/stm32cubeide_1.10.1/stm32cubeide/plugins/com.st.stm32cube.ide.mcu.externaltools.gnu-tools-for-stm32.10.3-2021.10.win32_1.0.0.202111181127/tools/bin/../lib/gcc/arm-none-eabi/10.3.1/../../../../arm-none-eabi/lib/thumb/v7-m/nofp\libc_nano.a(lib_a-impure.o)
 .ARM.attributes
                0x000000000000033b       0x2d c:/st/stm32cubeide_1.10.1/stm32cubeide/plugins/com.st.stm32cube.ide.mcu.externaltools.gnu-tools-for-stm32.10.3-2021.10.win32_1.0.0.202111181127/tools/bin/../lib/gcc/arm-none-eabi/10.3.1/../../../../arm-none-eabi/lib/thumb/v7-m/nofp\libc_nano.a(lib_a-init.o)
 .ARM.attributes
                0x0000000000000368       0x2d c:/st/stm32cubeide_1.10.1/stm32cubeide/plugins/com.st.stm32cube.ide.mcu.externaltools.gnu-tools-for-stm32.10.3-2021.10.win32_1.0.0.202111181127/tools/bin/../lib/gcc/arm-none-eabi/10.3.1/../../../../arm-none-eabi/lib/thumb/v7-m/nofp\libc_nano.a(lib_a-memset.o)
 .ARM.attributes
                0x0000000000000395       0x2d c:/st/stm32cubeide_1.10.1/stm32cubeide/plugins/com.st.stm32cube.ide.mcu.externaltools.gnu-tools-for-stm32.10.3-2021.10.win32_1.0.0.202111181127/tools/bin/../lib/gcc/arm-none-eabi/10.3.1/../../../../arm-none-eabi/lib/thumb/v7-m/nofp\libc_nano.a(lib_a-printf.o)
 .ARM.attributes
                0x00000000000003c2       0x2d c:/st/stm32cubeide_1.10.1/stm32cubeide/plugins/com.st.stm32cube.ide.mcu.externaltools.gnu-tools-for-stm32.10.3-2021.10.win32_1.0.0.202111181127/tools/bin/../lib/gcc/arm-none-eabi/10.3.1/../../../../arm-none-eabi/lib/thumb/v7-m/nofp\libc_nano.a(lib_a-findfp.o)
 .ARM.attributes
                0x00000000000003ef       0x2d c:/st/stm32cubeide_1.10.1/stm32cubeide/plugins/com.st.stm32cube.ide.mcu.externaltools.gnu-tools-for-stm32.10.3-2021.10.win32_1.0.0.202111181127/tools/bin/../lib/gcc/arm-none-eabi/10.3.1/../../../../arm-none-eabi/lib/thumb/v7-m/nofp\libc_nano.a(lib_a-fwalk.o)
 .ARM.attributes
                0x000000000000041c       0x2d c:/st/stm32cubeide_1.10.1/stm32cubeide/plugins/com.st.stm32cube.ide.mcu.externaltools.gnu-tools-for-stm32.10.3-2021.10.win32_1.0.0.202111181127/tools/bin/../lib/gcc/arm-none-eabi/10.3.1/../../../../arm-none-eabi/lib/thumb/v7-m/nofp\libc_nano.a(lib_a-lock.o)
 .ARM.attributes
                0x0000000000000449       0x2d c:/st/stm32cubeide_1.10.1/stm32cubeide/plugins/com.st.stm32cube.ide.mcu.externaltools.gnu-tools-for-stm32.10.3-2021.10.win32_1.0.0.202111181127/tools/bin/../lib/gcc/arm-none-eabi/10.3.1/../../../../arm-none-eabi/lib/thumb/v7-m/nofp\libc_nano.a(lib_a-nano-mallocr.o)
 .ARM.attributes
                0x0000000000000476       0x2d c:/st/stm32cubeide_1.10.1/stm32cubeide/plugins/com.st.stm32cube.ide.mcu.externaltools.gnu-tools-for-stm32.10.3-2021.10.win32_1.0.0.202111181127/tools/bin/../lib/gcc/arm-none-eabi/10.3.1/../../../../arm-none-eabi/lib/thumb/v7-m/nofp\libc_nano.a(lib_a-nano-vfprintf.o)
 .ARM.attributes
                0x00000000000004a3       0x2d c:/st/stm32cubeide_1.10.1/stm32cubeide/plugins/com.st.stm32cube.ide.mcu.externaltools.gnu-tools-for-stm32.10.3-2021.10.win32_1.0.0.202111181127/tools/bin/../lib/gcc/arm-none-eabi/10.3.1/../../../../arm-none-eabi/lib/thumb/v7-m/nofp\libc_nano.a(lib_a-nano-vfprintf_i.o)
 .ARM.attributes
                0x00000000000004d0       0x2d c:/st/stm32cubeide_1.10.1/stm32cubeide/plugins/com.st.stm32cube.ide.mcu.externaltools.gnu-tools-for-stm32.10.3-2021.10.win32_1.0.0.202111181127/tools/bin/../lib/gcc/arm-none-eabi/10.3.1/../../../../arm-none-eabi/lib/thumb/v7-m/nofp\libc_nano.a(lib_a-sbrkr.o)
 .ARM.attributes
                0x00000000000004fd       0x2d c:/st/stm32cubeide_1.10.1/stm32cubeide/plugins/com.st.stm32cube.ide.mcu.externaltools.gnu-tools-for-stm32.10.3-2021.10.win32_1.0.0.202111181127/tools/bin/../lib/gcc/arm-none-eabi/10.3.1/../../../../arm-none-eabi/lib/thumb/v7-m/nofp\libc_nano.a(lib_a-stdio.o)
 .ARM.attributes
                0x000000000000052a       0x2d c:/st/stm32cubeide_1.10.1/stm32cubeide/plugins/com.st.stm32cube.ide.mcu.externaltools.gnu-tools-for-stm32.10.3-2021.10.win32_1.0.0.202111181127/tools/bin/../lib/gcc/arm-none-eabi/10.3.1/../../../../arm-none-eabi/lib/thumb/v7-m/nofp\libc_nano.a(lib_a-wbuf.o)
 .ARM.attributes
                0x0000000000000557       0x2d c:/st/stm32cubeide_1.10.1/stm32cubeide/plugins/com.st.stm32cube.ide.mcu.externaltools.gnu-tools-for-stm32.10.3-2021.10.win32_1.0.0.202111181127/tools/bin/../lib/gcc/arm-none-eabi/10.3.1/../../../../arm-none-eabi/lib/thumb/v7-m/nofp\libc_nano.a(lib_a-writer.o)
 .ARM.attributes
                0x0000000000000584       0x2d c:/st/stm32cubeide_1.10.1/stm32cubeide/plugins/com.st.stm32cube.ide.mcu.externaltools.gnu-tools-for-stm32.10.3-2021.10.win32_1.0.0.202111181127/tools/bin/../lib/gcc/arm-none-eabi/10.3.1/../../../../arm-none-eabi/lib/thumb/v7-m/nofp\libc_nano.a(lib_a-wsetup.o)
 .ARM.attributes
                0x00000000000005b1       0x2d c:/st/stm32cubeide_1.10.1/stm32cubeide/plugins/com.st.stm32cube.ide.mcu.externaltools.gnu-tools-for-stm32.10.3-2021.10.win32_1.0.0.202111181127/tools/bin/../lib/gcc/arm-none-eabi/10.3.1/../../../../arm-none-eabi/lib/thumb/v7-m/nofp\libc_nano.a(lib_a-closer.o)
 .ARM.attributes
                0x00000000000005de       0x2d c:/st/stm32cubeide_1.10.1/stm32cubeide/plugins/com.st.stm32cube.ide.mcu.externaltools.gnu-tools-for-stm32.10.3-2021.10.win32_1.0.0.202111181127/tools/bin/../lib/gcc/arm-none-eabi/10.3.1/../../../../arm-none-eabi/lib/thumb/v7-m/nofp\libc_nano.a(lib_a-fflush.o)
 .ARM.attributes
                0x000000000000060b       0x2d c:/st/stm32cubeide_1.10.1/stm32cubeide/plugins/com.st.stm32cube.ide.mcu.externaltools.gnu-tools-for-stm32.10.3-2021.10.win32_1.0.0.202111181127/tools/bin/../lib/gcc/arm-none-eabi/10.3.1/../../../../arm-none-eabi/lib/thumb/v7-m/nofp\libc_nano.a(lib_a-lseekr.o)
 .ARM.attributes
                0x0000000000000638       0x2d c:/st/stm32cubeide_1.10.1/stm32cubeide/plugins/com.st.stm32cube.ide.mcu.externaltools.gnu-tools-for-stm32.10.3-2021.10.win32_1.0.0.202111181127/tools/bin/../lib/gcc/arm-none-eabi/10.3.1/../../../../arm-none-eabi/lib/thumb/v7-m/nofp\libc_nano.a(lib_a-makebuf.o)
 .ARM.attributes
                0x0000000000000665       0x2d c:/st/stm32cubeide_1.10.1/stm32cubeide/plugins/com.st.stm32cube.ide.mcu.externaltools.gnu-tools-for-stm32.10.3-2021.10.win32_1.0.0.202111181127/tools/bin/../lib/gcc/arm-none-eabi/10.3.1/../../../../arm-none-eabi/lib/thumb/v7-m/nofp\libc_nano.a(lib_a-memchr-stub.o)
 .ARM.attributes
                0x0000000000000692       0x2d c:/st/stm32cubeide_1.10.1/stm32cubeide/plugins/com.st.stm32cube.ide.mcu.externaltools.gnu-tools-for-stm32.10.3-2021.10.win32_1.0.0.202111181127/tools/bin/../lib/gcc/arm-none-eabi/10.3.1/../../../../arm-none-eabi/lib/thumb/v7-m/nofp\libc_nano.a(lib_a-mlock.o)
 .ARM.attributes
                0x00000000000006bf       0x2d c:/st/stm32cubeide_1.10.1/stm32cubeide/plugins/com.st.stm32cube.ide.mcu.externaltools.gnu-tools-for-stm32.10.3-2021.10.win32_1.0.0.202111181127/tools/bin/../lib/gcc/arm-none-eabi/10.3.1/../../../../arm-none-eabi/lib/thumb/v7-m/nofp\libc_nano.a(lib_a-nano-freer.o)
 .ARM.attributes
                0x00000000000006ec       0x2d c:/st/stm32cubeide_1.10.1/stm32cubeide/plugins/com.st.stm32cube.ide.mcu.externaltools.gnu-tools-for-stm32.10.3-2021.10.win32_1.0.0.202111181127/tools/bin/../lib/gcc/arm-none-eabi/10.3.1/../../../../arm-none-eabi/lib/thumb/v7-m/nofp\libc_nano.a(lib_a-readr.o)
 .ARM.attributes
                0x0000000000000719       0x2d c:/st/stm32cubeide_1.10.1/stm32cubeide/plugins/com.st.stm32cube.ide.mcu.externaltools.gnu-tools-for-stm32.10.3-2021.10.win32_1.0.0.202111181127/tools/bin/../lib/gcc/arm-none-eabi/10.3.1/../../../../arm-none-eabi/lib/thumb/v7-m/nofp\libc_nano.a(lib_a-reent.o)
 .ARM.attributes
                0x0000000000000746       0x2d c:/st/stm32cubeide_1.10.1/stm32cubeide/plugins/com.st.stm32cube.ide.mcu.externaltools.gnu-tools-for-stm32.10.3-2021.10.win32_1.0.0.202111181127/tools/bin/../lib/gcc/arm-none-eabi/10.3.1/../../../../arm-none-eabi/lib/thumb/v7-m/nofp\libc_nano.a(lib_a-fstatr.o)
 .ARM.attributes
                0x0000000000000773       0x2d c:/st/stm32cubeide_1.10.1/stm32cubeide/plugins/com.st.stm32cube.ide.mcu.externaltools.gnu-tools-for-stm32.10.3-2021.10.win32_1.0.0.202111181127/tools/bin/../lib/gcc/arm-none-eabi/10.3.1/../../../../arm-none-eabi/lib/thumb/v7-m/nofp\libc_nano.a(lib_a-isattyr.o)
 .ARM.attributes
                0x00000000000007a0       0x1d c:/st/stm32cubeide_1.10.1/stm32cubeide/plugins/com.st.stm32cube.ide.mcu.externaltools.gnu-tools-for-stm32.10.3-2021.10.win32_1.0.0.202111181127/tools/bin/../lib/gcc/arm-none-eabi/10.3.1/thumb/v7-m/nofp/crtn.o
OUTPUT(VL6180X_3.1.elf elf32-littlearm)
LOAD linker stubs
LOAD c:/st/stm32cubeide_1.10.1/stm32cubeide/plugins/com.st.stm32cube.ide.mcu.externaltools.gnu-tools-for-stm32.10.3-2021.10.win32_1.0.0.202111181127/tools/bin/../lib/gcc/arm-none-eabi/10.3.1/../../../../arm-none-eabi/lib/thumb/v7-m/nofp\libc.a
LOAD c:/st/stm32cubeide_1.10.1/stm32cubeide/plugins/com.st.stm32cube.ide.mcu.externaltools.gnu-tools-for-stm32.10.3-2021.10.win32_1.0.0.202111181127/tools/bin/../lib/gcc/arm-none-eabi/10.3.1/../../../../arm-none-eabi/lib/thumb/v7-m/nofp\libm.a
LOAD c:/st/stm32cubeide_1.10.1/stm32cubeide/plugins/com.st.stm32cube.ide.mcu.externaltools.gnu-tools-for-stm32.10.3-2021.10.win32_1.0.0.202111181127/tools/bin/../lib/gcc/arm-none-eabi/10.3.1/thumb/v7-m/nofp\libgcc.a

.debug_info     0x0000000000000000     0x97b8
 .debug_info    0x0000000000000000      0x464 ./Core/Src/bsp_i2c.o
 .debug_info    0x0000000000000464     0x163d ./Core/Src/main.o
 .debug_info    0x0000000000001aa1      0x83d ./Core/Src/stm32f1xx_hal_msp.o
 .debug_info    0x00000000000022de      0x122 ./Core/Src/stm32f1xx_it.o
 .debug_info    0x0000000000002400      0x6e0 ./Core/Src/syscalls.o
 .debug_info    0x0000000000002ae0      0x171 ./Core/Src/sysmem.o
 .debug_info    0x0000000000002c51      0x23d ./Core/Src/system_stm32f1xx.o
 .debug_info    0x0000000000002e8e     0x2b03 ./Core/Src/vl6180x_api.o
 .debug_info    0x0000000000005991      0x7a0 ./Core/Src/vl6180x_i2c.o
 .debug_info    0x0000000000006131       0x22 ./Core/Startup/startup_stm32f103c6tx.o
 .debug_info    0x0000000000006153      0x716 ./Drivers/STM32F1xx_HAL_Driver/Src/stm32f1xx_hal.o
 .debug_info    0x0000000000006869      0xb02 ./Drivers/STM32F1xx_HAL_Driver/Src/stm32f1xx_hal_cortex.o
 .debug_info    0x000000000000736b      0x615 ./Drivers/STM32F1xx_HAL_Driver/Src/stm32f1xx_hal_gpio.o
 .debug_info    0x0000000000007980      0x860 ./Drivers/STM32F1xx_HAL_Driver/Src/stm32f1xx_hal_rcc.o
 .debug_info    0x00000000000081e0     0x15d8 ./Drivers/STM32F1xx_HAL_Driver/Src/stm32f1xx_hal_uart.o

.debug_abbrev   0x0000000000000000     0x1b65
 .debug_abbrev  0x0000000000000000      0x20d ./Core/Src/bsp_i2c.o
 .debug_abbrev  0x000000000000020d      0x3a4 ./Core/Src/main.o
 .debug_abbrev  0x00000000000005b1      0x194 ./Core/Src/stm32f1xx_hal_msp.o
 .debug_abbrev  0x0000000000000745       0x74 ./Core/Src/stm32f1xx_it.o
 .debug_abbrev  0x00000000000007b9      0x1b3 ./Core/Src/syscalls.o
 .debug_abbrev  0x000000000000096c       0xbb ./Core/Src/sysmem.o
 .debug_abbrev  0x0000000000000a27      0x13b ./Core/Src/system_stm32f1xx.o
 .debug_abbrev  0x0000000000000b62      0x319 ./Core/Src/vl6180x_api.o
 .debug_abbrev  0x0000000000000e7b      0x115 ./Core/Src/vl6180x_i2c.o
 .debug_abbrev  0x0000000000000f90       0x12 ./Core/Startup/startup_stm32f103c6tx.o
 .debug_abbrev  0x0000000000000fa2      0x1fb ./Drivers/STM32F1xx_HAL_Driver/Src/stm32f1xx_hal.o
 .debug_abbrev  0x000000000000119d      0x2ed ./Drivers/STM32F1xx_HAL_Driver/Src/stm32f1xx_hal_cortex.o
 .debug_abbrev  0x000000000000148a      0x1bb ./Drivers/STM32F1xx_HAL_Driver/Src/stm32f1xx_hal_gpio.o
 .debug_abbrev  0x0000000000001645      0x2a8 ./Drivers/STM32F1xx_HAL_Driver/Src/stm32f1xx_hal_rcc.o
 .debug_abbrev  0x00000000000018ed      0x278 ./Drivers/STM32F1xx_HAL_Driver/Src/stm32f1xx_hal_uart.o

.debug_aranges  0x0000000000000000      0xa40
 .debug_aranges
                0x0000000000000000       0x80 ./Core/Src/bsp_i2c.o
 .debug_aranges
                0x0000000000000080       0x78 ./Core/Src/main.o
 .debug_aranges
                0x00000000000000f8       0x30 ./Core/Src/stm32f1xx_hal_msp.o
 .debug_aranges
                0x0000000000000128       0x60 ./Core/Src/stm32f1xx_it.o
 .debug_aranges
                0x0000000000000188       0xa8 ./Core/Src/syscalls.o
 .debug_aranges
                0x0000000000000230       0x20 ./Core/Src/sysmem.o
 .debug_aranges
                0x0000000000000250       0x28 ./Core/Src/system_stm32f1xx.o
 .debug_aranges
                0x0000000000000278      0x280 ./Core/Src/vl6180x_api.o
 .debug_aranges
                0x00000000000004f8       0x58 ./Core/Src/vl6180x_i2c.o
 .debug_aranges
                0x0000000000000550       0x28 ./Core/Startup/startup_stm32f103c6tx.o
 .debug_aranges
                0x0000000000000578       0xe0 ./Drivers/STM32F1xx_HAL_Driver/Src/stm32f1xx_hal.o
 .debug_aranges
                0x0000000000000658      0x100 ./Drivers/STM32F1xx_HAL_Driver/Src/stm32f1xx_hal_cortex.o
 .debug_aranges
                0x0000000000000758       0x58 ./Drivers/STM32F1xx_HAL_Driver/Src/stm32f1xx_hal_gpio.o
 .debug_aranges
                0x00000000000007b0       0x90 ./Drivers/STM32F1xx_HAL_Driver/Src/stm32f1xx_hal_rcc.o
 .debug_aranges
                0x0000000000000840      0x200 ./Drivers/STM32F1xx_HAL_Driver/Src/stm32f1xx_hal_uart.o

.debug_ranges   0x0000000000000000      0x988
 .debug_ranges  0x0000000000000000       0x70 ./Core/Src/bsp_i2c.o
 .debug_ranges  0x0000000000000070       0x68 ./Core/Src/main.o
 .debug_ranges  0x00000000000000d8       0x20 ./Core/Src/stm32f1xx_hal_msp.o
 .debug_ranges  0x00000000000000f8       0x50 ./Core/Src/stm32f1xx_it.o
 .debug_ranges  0x0000000000000148       0x98 ./Core/Src/syscalls.o
 .debug_ranges  0x00000000000001e0       0x10 ./Core/Src/sysmem.o
 .debug_ranges  0x00000000000001f0       0x18 ./Core/Src/system_stm32f1xx.o
 .debug_ranges  0x0000000000000208      0x270 ./Core/Src/vl6180x_api.o
 .debug_ranges  0x0000000000000478       0x48 ./Core/Src/vl6180x_i2c.o
 .debug_ranges  0x00000000000004c0       0x20 ./Core/Startup/startup_stm32f103c6tx.o
 .debug_ranges  0x00000000000004e0       0xd0 ./Drivers/STM32F1xx_HAL_Driver/Src/stm32f1xx_hal.o
 .debug_ranges  0x00000000000005b0       0xf0 ./Drivers/STM32F1xx_HAL_Driver/Src/stm32f1xx_hal_cortex.o
 .debug_ranges  0x00000000000006a0       0x48 ./Drivers/STM32F1xx_HAL_Driver/Src/stm32f1xx_hal_gpio.o
 .debug_ranges  0x00000000000006e8       0x80 ./Drivers/STM32F1xx_HAL_Driver/Src/stm32f1xx_hal_rcc.o
 .debug_ranges  0x0000000000000768      0x220 ./Drivers/STM32F1xx_HAL_Driver/Src/stm32f1xx_hal_uart.o

.debug_macro    0x0000000000000000     0x3b79
 .debug_macro   0x0000000000000000      0x201 ./Core/Src/bsp_i2c.o
 .debug_macro   0x0000000000000201      0x411 ./Core/Src/main.o
 .debug_macro   0x0000000000000612       0x1c ./Core/Src/main.o
 .debug_macro   0x000000000000062e       0x34 ./Core/Src/main.o
 .debug_macro   0x0000000000000662       0x10 ./Core/Src/main.o
 .debug_macro   0x0000000000000672      0x341 ./Core/Src/main.o
 .debug_macro   0x00000000000009b3       0x10 ./Core/Src/main.o
 .debug_macro   0x00000000000009c3       0x16 ./Core/Src/main.o
 .debug_macro   0x00000000000009d9       0x43 ./Core/Src/main.o
 .debug_macro   0x0000000000000a1c       0x34 ./Core/Src/main.o
 .debug_macro   0x0000000000000a50       0x1c ./Core/Src/main.o
 .debug_macro   0x0000000000000a6c       0x52 ./Core/Src/main.o
 .debug_macro   0x0000000000000abe       0x22 ./Core/Src/main.o
 .debug_macro   0x0000000000000ae0       0x10 ./Core/Src/main.o
 .debug_macro   0x0000000000000af0       0x52 ./Core/Src/main.o
 .debug_macro   0x0000000000000b42       0xd5 ./Core/Src/main.o
 .debug_macro   0x0000000000000c17       0x1c ./Core/Src/main.o
 .debug_macro   0x0000000000000c33       0x3d ./Core/Src/main.o
 .debug_macro   0x0000000000000c70      0x51a ./Core/Src/main.o
 .debug_macro   0x000000000000118a       0x36 ./Core/Src/main.o
 .debug_macro   0x00000000000011c0       0x28 ./Core/Src/main.o
 .debug_macro   0x00000000000011e8       0x28 ./Core/Src/main.o
 .debug_macro   0x0000000000001210      0x2bb ./Core/Src/main.o
 .debug_macro   0x00000000000014cb       0x35 ./Core/Src/main.o
 .debug_macro   0x0000000000001500       0x40 ./Core/Src/main.o
 .debug_macro   0x0000000000001540       0x10 ./Core/Src/main.o
 .debug_macro   0x0000000000001550       0x58 ./Core/Src/main.o
 .debug_macro   0x00000000000015a8       0x71 ./Core/Src/main.o
 .debug_macro   0x0000000000001619       0x1c ./Core/Src/main.o
 .debug_macro   0x0000000000001635      0x12a ./Core/Src/main.o
 .debug_macro   0x000000000000175f       0x10 ./Core/Src/main.o
 .debug_macro   0x000000000000176f       0x20 ./Core/Src/main.o
 .debug_macro   0x000000000000178f       0x16 ./Core/Src/main.o
 .debug_macro   0x00000000000017a5       0x16 ./Core/Src/main.o
 .debug_macro   0x00000000000017bb       0x29 ./Core/Src/main.o
 .debug_macro   0x00000000000017e4       0x1c ./Core/Src/main.o
 .debug_macro   0x0000000000001800       0x10 ./Core/Src/main.o
 .debug_macro   0x0000000000001810       0x10 ./Core/Src/main.o
 .debug_macro   0x0000000000001820       0x16 ./Core/Src/main.o
 .debug_macro   0x0000000000001836      0x130 ./Core/Src/main.o
 .debug_macro   0x0000000000001966      0x19c ./Core/Src/stm32f1xx_hal_msp.o
 .debug_macro   0x0000000000001b02      0x1a6 ./Core/Src/stm32f1xx_it.o
 .debug_macro   0x0000000000001ca8      0x24c ./Core/Src/syscalls.o
 .debug_macro   0x0000000000001ef4       0x4c ./Core/Src/syscalls.o
 .debug_macro   0x0000000000001f40       0x94 ./Core/Src/syscalls.o
 .debug_macro   0x0000000000001fd4       0x57 ./Core/Src/syscalls.o
 .debug_macro   0x000000000000202b       0x10 ./Core/Src/syscalls.o
 .debug_macro   0x000000000000203b       0x10 ./Core/Src/syscalls.o
 .debug_macro   0x000000000000204b       0x10 ./Core/Src/syscalls.o
 .debug_macro   0x000000000000205b       0x35 ./Core/Src/syscalls.o
 .debug_macro   0x0000000000002090      0x12c ./Core/Src/syscalls.o
 .debug_macro   0x00000000000021bc       0x10 ./Core/Src/syscalls.o
 .debug_macro   0x00000000000021cc      0x241 ./Core/Src/syscalls.o
 .debug_macro   0x000000000000240d      0x145 ./Core/Src/syscalls.o
 .debug_macro   0x0000000000002552      0x189 ./Core/Src/syscalls.o
 .debug_macro   0x00000000000026db       0x16 ./Core/Src/syscalls.o
 .debug_macro   0x00000000000026f1       0xce ./Core/Src/syscalls.o
 .debug_macro   0x00000000000027bf       0xff ./Core/Src/sysmem.o
 .debug_macro   0x00000000000028be      0x23b ./Core/Src/sysmem.o
 .debug_macro   0x0000000000002af9      0x18d ./Core/Src/system_stm32f1xx.o
 .debug_macro   0x0000000000002c86      0x2f3 ./Core/Src/vl6180x_api.o
 .debug_macro   0x0000000000002f79       0xcf ./Core/Src/vl6180x_api.o
 .debug_macro   0x0000000000003048       0x20 ./Core/Src/vl6180x_api.o
 .debug_macro   0x0000000000003068       0xbe ./Core/Src/vl6180x_api.o
 .debug_macro   0x0000000000003126      0x1d2 ./Core/Src/vl6180x_i2c.o
 .debug_macro   0x00000000000032f8       0x1e ./Core/Src/vl6180x_i2c.o
 .debug_macro   0x0000000000003316      0x1b1 ./Drivers/STM32F1xx_HAL_Driver/Src/stm32f1xx_hal.o
 .debug_macro   0x00000000000034c7      0x18d ./Drivers/STM32F1xx_HAL_Driver/Src/stm32f1xx_hal_cortex.o
 .debug_macro   0x0000000000003654      0x1f8 ./Drivers/STM32F1xx_HAL_Driver/Src/stm32f1xx_hal_gpio.o
 .debug_macro   0x000000000000384c      0x19f ./Drivers/STM32F1xx_HAL_Driver/Src/stm32f1xx_hal_rcc.o
 .debug_macro   0x00000000000039eb      0x18e ./Drivers/STM32F1xx_HAL_Driver/Src/stm32f1xx_hal_uart.o

.debug_line     0x0000000000000000     0x9e64
 .debug_line    0x0000000000000000      0x9a3 ./Core/Src/bsp_i2c.o
 .debug_line    0x00000000000009a3      0xc16 ./Core/Src/main.o
 .debug_line    0x00000000000015b9      0x694 ./Core/Src/stm32f1xx_hal_msp.o
 .debug_line    0x0000000000001c4d      0x703 ./Core/Src/stm32f1xx_it.o
 .debug_line    0x0000000000002350      0x7f4 ./Core/Src/syscalls.o
 .debug_line    0x0000000000002b44      0x4ea ./Core/Src/sysmem.o
 .debug_line    0x000000000000302e      0x6bf ./Core/Src/system_stm32f1xx.o
 .debug_line    0x00000000000036ed     0x1b87 ./Core/Src/vl6180x_api.o
 .debug_line    0x0000000000005274      0x77a ./Core/Src/vl6180x_i2c.o
 .debug_line    0x00000000000059ee       0x87 ./Core/Startup/startup_stm32f103c6tx.o
 .debug_line    0x0000000000005a75      0x8ec ./Drivers/STM32F1xx_HAL_Driver/Src/stm32f1xx_hal.o
 .debug_line    0x0000000000006361      0xad4 ./Drivers/STM32F1xx_HAL_Driver/Src/stm32f1xx_hal_cortex.o
 .debug_line    0x0000000000006e35      0x96e ./Drivers/STM32F1xx_HAL_Driver/Src/stm32f1xx_hal_gpio.o
 .debug_line    0x00000000000077a3      0xcfa ./Drivers/STM32F1xx_HAL_Driver/Src/stm32f1xx_hal_rcc.o
 .debug_line    0x000000000000849d     0x19c7 ./Drivers/STM32F1xx_HAL_Driver/Src/stm32f1xx_hal_uart.o

.debug_str      0x0000000000000000    0x8693a
 .debug_str     0x0000000000000000    0x7b9d3 ./Core/Src/bsp_i2c.o
                                      0x7bd33 (size before relaxing)
 .debug_str     0x000000000007b9d3     0x6bc7 ./Core/Src/main.o
                                      0x8261a (size before relaxing)
 .debug_str     0x000000000008259a       0x8a ./Core/Src/stm32f1xx_hal_msp.o
                                      0x7a760 (size before relaxing)
 .debug_str     0x0000000000082624       0xc9 ./Core/Src/stm32f1xx_it.o
                                      0x7a318 (size before relaxing)
 .debug_str     0x00000000000826ed     0x1651 ./Core/Src/syscalls.o
                                       0x8a04 (size before relaxing)
 .debug_str     0x0000000000083d3e       0x6b ./Core/Src/sysmem.o
                                       0x5d40 (size before relaxing)
 .debug_str     0x0000000000083da9       0x7e ./Core/Src/system_stm32f1xx.o
                                      0x7a2e0 (size before relaxing)
 .debug_str     0x0000000000083e27     0x1978 ./Core/Src/vl6180x_api.o
                                       0xa20e (size before relaxing)
 .debug_str     0x000000000008579f      0x116 ./Core/Src/vl6180x_i2c.o
                                       0x849a (size before relaxing)
 .debug_str     0x00000000000858b5       0x36 ./Core/Startup/startup_stm32f103c6tx.o
                                         0x5a (size before relaxing)
 .debug_str     0x00000000000858eb      0x37c ./Drivers/STM32F1xx_HAL_Driver/Src/stm32f1xx_hal.o
                                      0x7a9d9 (size before relaxing)
 .debug_str     0x0000000000085c67      0x1e6 ./Drivers/STM32F1xx_HAL_Driver/Src/stm32f1xx_hal_cortex.o
                                      0x7a925 (size before relaxing)
 .debug_str     0x0000000000085e4d      0x2cf ./Drivers/STM32F1xx_HAL_Driver/Src/stm32f1xx_hal_gpio.o
                                      0x7a666 (size before relaxing)
 .debug_str     0x000000000008611c      0x215 ./Drivers/STM32F1xx_HAL_Driver/Src/stm32f1xx_hal_rcc.o
                                      0x7a70f (size before relaxing)
 .debug_str     0x0000000000086331      0x609 ./Drivers/STM32F1xx_HAL_Driver/Src/stm32f1xx_hal_uart.o
                                      0x7ad1a (size before relaxing)

.comment        0x0000000000000000       0x50
 .comment       0x0000000000000000       0x50 ./Core/Src/bsp_i2c.o
                                         0x51 (size before relaxing)
 .comment       0x0000000000000050       0x51 ./Core/Src/main.o
 .comment       0x0000000000000050       0x51 ./Core/Src/stm32f1xx_hal_msp.o
 .comment       0x0000000000000050       0x51 ./Core/Src/stm32f1xx_it.o
 .comment       0x0000000000000050       0x51 ./Core/Src/syscalls.o
 .comment       0x0000000000000050       0x51 ./Core/Src/sysmem.o
 .comment       0x0000000000000050       0x51 ./Core/Src/system_stm32f1xx.o
 .comment       0x0000000000000050       0x51 ./Core/Src/vl6180x_api.o
 .comment       0x0000000000000050       0x51 ./Core/Src/vl6180x_i2c.o
 .comment       0x0000000000000050       0x51 ./Drivers/STM32F1xx_HAL_Driver/Src/stm32f1xx_hal.o
 .comment       0x0000000000000050       0x51 ./Drivers/STM32F1xx_HAL_Driver/Src/stm32f1xx_hal_cortex.o
 .comment       0x0000000000000050       0x51 ./Drivers/STM32F1xx_HAL_Driver/Src/stm32f1xx_hal_gpio.o
 .comment       0x0000000000000050       0x51 ./Drivers/STM32F1xx_HAL_Driver/Src/stm32f1xx_hal_rcc.o
 .comment       0x0000000000000050       0x51 ./Drivers/STM32F1xx_HAL_Driver/Src/stm32f1xx_hal_uart.o

.debug_frame    0x0000000000000000     0x30a8
 .debug_frame   0x0000000000000000      0x1c8 ./Core/Src/bsp_i2c.o
 .debug_frame   0x00000000000001c8      0x1b0 ./Core/Src/main.o
 .debug_frame   0x0000000000000378       0x80 ./Core/Src/stm32f1xx_hal_msp.o
 .debug_frame   0x00000000000003f8      0x104 ./Core/Src/stm32f1xx_it.o
 .debug_frame   0x00000000000004fc      0x2ac ./Core/Src/syscalls.o
 .debug_frame   0x00000000000007a8       0x34 ./Core/Src/sysmem.o
 .debug_frame   0x00000000000007dc       0x58 ./Core/Src/system_stm32f1xx.o
 .debug_frame   0x0000000000000834      0xb1c ./Core/Src/vl6180x_api.o
 .debug_frame   0x0000000000001350      0x130 ./Core/Src/vl6180x_i2c.o
 .debug_frame   0x0000000000001480      0x334 ./Drivers/STM32F1xx_HAL_Driver/Src/stm32f1xx_hal.o
 .debug_frame   0x00000000000017b4      0x428 ./Drivers/STM32F1xx_HAL_Driver/Src/stm32f1xx_hal_cortex.o
 .debug_frame   0x0000000000001bdc      0x14c ./Drivers/STM32F1xx_HAL_Driver/Src/stm32f1xx_hal_gpio.o
 .debug_frame   0x0000000000001d28      0x21c ./Drivers/STM32F1xx_HAL_Driver/Src/stm32f1xx_hal_rcc.o
 .debug_frame   0x0000000000001f44      0x914 ./Drivers/STM32F1xx_HAL_Driver/Src/stm32f1xx_hal_uart.o
 .debug_frame   0x0000000000002858       0x20 c:/st/stm32cubeide_1.10.1/stm32cubeide/plugins/com.st.stm32cube.ide.mcu.externaltools.gnu-tools-for-stm32.10.3-2021.10.win32_1.0.0.202111181127/tools/bin/../lib/gcc/arm-none-eabi/10.3.1/../../../../arm-none-eabi/lib/thumb/v7-m/nofp\libc_nano.a(lib_a-errno.o)
 .debug_frame   0x0000000000002878       0x2c c:/st/stm32cubeide_1.10.1/stm32cubeide/plugins/com.st.stm32cube.ide.mcu.externaltools.gnu-tools-for-stm32.10.3-2021.10.win32_1.0.0.202111181127/tools/bin/../lib/gcc/arm-none-eabi/10.3.1/../../../../arm-none-eabi/lib/thumb/v7-m/nofp\libc_nano.a(lib_a-init.o)
 .debug_frame   0x00000000000028a4       0x20 c:/st/stm32cubeide_1.10.1/stm32cubeide/plugins/com.st.stm32cube.ide.mcu.externaltools.gnu-tools-for-stm32.10.3-2021.10.win32_1.0.0.202111181127/tools/bin/../lib/gcc/arm-none-eabi/10.3.1/../../../../arm-none-eabi/lib/thumb/v7-m/nofp\libc_nano.a(lib_a-memset.o)
 .debug_frame   0x00000000000028c4       0x74 c:/st/stm32cubeide_1.10.1/stm32cubeide/plugins/com.st.stm32cube.ide.mcu.externaltools.gnu-tools-for-stm32.10.3-2021.10.win32_1.0.0.202111181127/tools/bin/../lib/gcc/arm-none-eabi/10.3.1/../../../../arm-none-eabi/lib/thumb/v7-m/nofp\libc_nano.a(lib_a-printf.o)
 .debug_frame   0x0000000000002938      0x14c c:/st/stm32cubeide_1.10.1/stm32cubeide/plugins/com.st.stm32cube.ide.mcu.externaltools.gnu-tools-for-stm32.10.3-2021.10.win32_1.0.0.202111181127/tools/bin/../lib/gcc/arm-none-eabi/10.3.1/../../../../arm-none-eabi/lib/thumb/v7-m/nofp\libc_nano.a(lib_a-findfp.o)
 .debug_frame   0x0000000000002a84       0x54 c:/st/stm32cubeide_1.10.1/stm32cubeide/plugins/com.st.stm32cube.ide.mcu.externaltools.gnu-tools-for-stm32.10.3-2021.10.win32_1.0.0.202111181127/tools/bin/../lib/gcc/arm-none-eabi/10.3.1/../../../../arm-none-eabi/lib/thumb/v7-m/nofp\libc_nano.a(lib_a-fwalk.o)
 .debug_frame   0x0000000000002ad8       0xb0 c:/st/stm32cubeide_1.10.1/stm32cubeide/plugins/com.st.stm32cube.ide.mcu.externaltools.gnu-tools-for-stm32.10.3-2021.10.win32_1.0.0.202111181127/tools/bin/../lib/gcc/arm-none-eabi/10.3.1/../../../../arm-none-eabi/lib/thumb/v7-m/nofp\libc_nano.a(lib_a-lock.o)
 .debug_frame   0x0000000000002b88       0x4c c:/st/stm32cubeide_1.10.1/stm32cubeide/plugins/com.st.stm32cube.ide.mcu.externaltools.gnu-tools-for-stm32.10.3-2021.10.win32_1.0.0.202111181127/tools/bin/../lib/gcc/arm-none-eabi/10.3.1/../../../../arm-none-eabi/lib/thumb/v7-m/nofp\libc_nano.a(lib_a-nano-mallocr.o)
 .debug_frame   0x0000000000002bd4       0xac c:/st/stm32cubeide_1.10.1/stm32cubeide/plugins/com.st.stm32cube.ide.mcu.externaltools.gnu-tools-for-stm32.10.3-2021.10.win32_1.0.0.202111181127/tools/bin/../lib/gcc/arm-none-eabi/10.3.1/../../../../arm-none-eabi/lib/thumb/v7-m/nofp\libc_nano.a(lib_a-nano-vfprintf.o)
 .debug_frame   0x0000000000002c80       0x60 c:/st/stm32cubeide_1.10.1/stm32cubeide/plugins/com.st.stm32cube.ide.mcu.externaltools.gnu-tools-for-stm32.10.3-2021.10.win32_1.0.0.202111181127/tools/bin/../lib/gcc/arm-none-eabi/10.3.1/../../../../arm-none-eabi/lib/thumb/v7-m/nofp\libc_nano.a(lib_a-nano-vfprintf_i.o)
 .debug_frame   0x0000000000002ce0       0x2c c:/st/stm32cubeide_1.10.1/stm32cubeide/plugins/com.st.stm32cube.ide.mcu.externaltools.gnu-tools-for-stm32.10.3-2021.10.win32_1.0.0.202111181127/tools/bin/../lib/gcc/arm-none-eabi/10.3.1/../../../../arm-none-eabi/lib/thumb/v7-m/nofp\libc_nano.a(lib_a-sbrkr.o)
 .debug_frame   0x0000000000002d0c       0x88 c:/st/stm32cubeide_1.10.1/stm32cubeide/plugins/com.st.stm32cube.ide.mcu.externaltools.gnu-tools-for-stm32.10.3-2021.10.win32_1.0.0.202111181127/tools/bin/../lib/gcc/arm-none-eabi/10.3.1/../../../../arm-none-eabi/lib/thumb/v7-m/nofp\libc_nano.a(lib_a-stdio.o)