../Core/Src/bsp_i2c.c:12:13:I2C_Delay	16	static
../Core/Src/bsp_i2c.c:34:6:I2C_Start	8	static
../Core/Src/bsp_i2c.c:52:6:I2C_Stop	8	static
../Core/Src/bsp_i2c.c:67:6:I2C_SendByte	24	static
../Core/Src/bsp_i2c.c:102:9:I2C_ReadByte	24	static
../Core/Src/bsp_i2c.c:133:9:I2C_WaitAck	16	static
../Core/Src/bsp_i2c.c:160:6:I2C_Ack	8	static
../Core/Src/bsp_i2c.c:177:6:I2C_NAck	8	static
../Core/Src/bsp_i2c.c:193:6:I2C_InitGPIO	24	static
../Core/Src/bsp_i2c.c:215:9:I2C_CheckDevice	24	static
../Core/Src/bsp_i2c.c:231:9:VL6180X_WriteByte	24	static
../Core/Src/bsp_i2c.c:258:9:VL6180X_ReadByte	24	static
../Core/Src/bsp_i2c.c:287:9:VL6180X_Read_HalfWold	24	static
